// Jest Snapshot v1, https://goo.gl/fbAQLP

exports[`UpdateBadge component should open a modal when click the badge 1`] = `
<div>
  <button
    aria-label="update-v4.3.8"
    class="euiBadge euiBadge-isClickable euiBadge--hollow euiBadge--iconLeft"
    style="max-width: max-content;"
    title="v4.3.8"
  >
    <span
      class="euiBadge__content"
    >
      <span
        class="euiBadge__text"
      >
        v4.3.8
      </span>
    </span>
  </button>
</div>
`;

exports[`UpdateBadge component should return the UpdateBadge component 1`] = `
<div>
  <button
    aria-label="update-v4.3.8"
    class="euiBadge euiBadge-isClickable euiBadge--hollow euiBadge--iconLeft"
    style="max-width: max-content;"
    title="v4.3.8"
  >
    <span
      class="euiBadge__content"
    >
      <span
        class="euiBadge__text"
      >
        v4.3.8
      </span>
    </span>
  </button>
</div>
`;
