// Jest Snapshot v1, https://goo.gl/fbAQLP

exports[`Reporting component renders correctly to match the snapshot 1`] = `
<WzReporting>
  <WzReduxProvider>
    <Provider
      store={
        Object {
          "dispatch": [Function],
          "getState": [Function],
          "replaceReducer": [Function],
          "subscribe": [Function],
          Symbol(observable): [Function],
        }
      }
    >
      <WzReportingOverview>
        <EuiPage
          style={
            Object {
              "background": "transparent",
            }
          }
        >
          <div
            className="euiPage"
            style={
              Object {
                "background": "transparent",
              }
            }
          >
            <EuiPanel>
              <div
                className="euiPanel euiPanel--paddingMedium"
              >
                <EuiFlexGroup>
                  <div
                    className="euiFlexGroup euiFlexGroup--gutterLarge euiFlexGroup--directionRow euiFlexGroup--responsive"
                  >
                    <EuiFlexItem>
                      <div
                        className="euiFlexItem"
                      >
                        <EuiFlexGroup>
                          <div
                            className="euiFlexGroup euiFlexGroup--gutterLarge euiFlexGroup--directionRow euiFlexGroup--responsive"
                          >
                            <EuiFlexItem>
                              <div
                                className="euiFlexItem"
                              >
                                <EuiTitle>
                                  <h2
                                    className="euiTitle euiTitle--medium"
                                  >
                                    Reporting
                                  </h2>
                                </EuiTitle>
                              </div>
                            </EuiFlexItem>
                          </div>
                        </EuiFlexGroup>
                      </div>
                    </EuiFlexItem>
                    <Connect(WzReportingActionButtons)>
                      <WzReportingActionButtons
                        state={
                          Object {
                            "isLoading": true,
                            "isProcessing": true,
                            "itemList": Array [],
                            "showModal": false,
                          }
                        }
                        updateIsProcessing={[Function]}
                      >
                        <EuiFlexItem
                          grow={false}
                        >
                          <div
                            className="euiFlexItem euiFlexItem--flexGrowZero"
                          >
                            <EuiButtonEmpty
                              iconType="refresh"
                              onClick={[Function]}
                            >
                              <button
                                className="euiButtonEmpty euiButtonEmpty--primary"
                                disabled={false}
                                onClick={[Function]}
                                type="button"
                              >
                                <EuiButtonContent
                                  className="euiButtonEmpty__content"
                                  iconSide="left"
                                  iconType="refresh"
                                  textProps={
                                    Object {
                                      "className": "euiButtonEmpty__text",
                                    }
                                  }
                                >
                                  <span
                                    className="euiButtonContent euiButtonEmpty__content"
                                  >
                                    <EuiIcon
                                      className="euiButtonContent__icon"
                                      size="m"
                                      type="refresh"
                                    >
                                      <EuiIconEmpty
                                        aria-hidden={true}
                                        className="euiIcon euiIcon--medium euiIcon-isLoading euiButtonContent__icon"
                                        focusable="false"
                                        role="img"
                                        style={null}
                                      >
                                        <svg
                                          aria-hidden={true}
                                          className="euiIcon euiIcon--medium euiIcon-isLoading euiButtonContent__icon"
                                          focusable="false"
                                          height={16}
                                          role="img"
                                          style={null}
                                          viewBox="0 0 16 16"
                                          width={16}
                                          xmlns="http://www.w3.org/2000/svg"
                                        />
                                      </EuiIconEmpty>
                                    </EuiIcon>
                                    <span
                                      className="euiButtonEmpty__text"
                                    >
                                      Refresh
                                    </span>
                                  </span>
                                </EuiButtonContent>
                              </button>
                            </EuiButtonEmpty>
                          </div>
                        </EuiFlexItem>
                      </WzReportingActionButtons>
                    </Connect(WzReportingActionButtons)>
                  </div>
                </EuiFlexGroup>
                <EuiFlexGroup>
                  <div
                    className="euiFlexGroup euiFlexGroup--gutterLarge euiFlexGroup--directionRow euiFlexGroup--responsive"
                  >
                    <EuiFlexItem>
                      <div
                        className="euiFlexItem"
                      >
                        <EuiText
                          color="subdued"
                          style={
                            Object {
                              "paddingBottom": "15px",
                            }
                          }
                        >
                          <div
                            className="euiText euiText--medium"
                            style={
                              Object {
                                "paddingBottom": "15px",
                              }
                            }
                          >
                            <EuiTextColor
                              color="subdued"
                              component="div"
                            >
                              <div
                                className="euiTextColor euiTextColor--subdued"
                              >
                                From here you can check all your reports.
                              </div>
                            </EuiTextColor>
                          </div>
                        </EuiText>
                      </div>
                    </EuiFlexItem>
                  </div>
                </EuiFlexGroup>
                <EuiFlexGroup>
                  <div
                    className="euiFlexGroup euiFlexGroup--gutterLarge euiFlexGroup--directionRow euiFlexGroup--responsive"
                  >
                    <EuiFlexItem>
                      <div
                        className="euiFlexItem"
                      >
                        <Connect(WzReportingTable)>
                          <WzReportingTable
                            state={
                              Object {
                                "isLoading": true,
                                "isProcessing": true,
                                "itemList": Array [],
                                "showModal": false,
                              }
                            }
                            updateIsProcessing={[Function]}
                            updateListItemsForRemove={[Function]}
                            updateShowModal={[Function]}
                          >
                            <div>
                              <EuiInMemoryTable
                                columns={
                                  Array [
                                    Object {
                                      "align": "left",
                                      "field": "name",
                                      "name": "File",
                                      "sortable": true,
                                    },
                                    Object {
                                      "field": "size",
                                      "name": "Size",
                                      "render": [Function],
                                      "sortable": true,
                                    },
                                    Object {
                                      "field": "date",
                                      "name": "Created",
                                      "render": [Function],
                                      "sortable": true,
                                    },
                                    Object {
                                      "align": "left",
                                      "name": "Actions",
                                      "render": [Function],
                                    },
                                  ]
                                }
                                items={Array []}
                                loading={true}
                                message={null}
                                pagination={true}
                                responsive={true}
                                search={
                                  Object {
                                    "box": Object {
                                      "incremental": true,
                                    },
                                  }
                                }
                                sorting={
                                  Object {
                                    "sort": Object {
                                      "direction": "desc",
                                      "field": "date",
                                    },
                                  }
                                }
                                tableLayout="fixed"
                              >
                                <div>
                                  <EuiSearchBar
                                    box={
                                      Object {
                                        "incremental": true,
                                      }
                                    }
                                    onChange={[Function]}
                                  >
                                    <EuiFlexGroup
                                      alignItems="center"
                                      gutterSize="m"
                                      wrap={true}
                                    >
                                      <div
                                        className="euiFlexGroup euiFlexGroup--gutterMedium euiFlexGroup--alignItemsCenter euiFlexGroup--directionRow euiFlexGroup--responsive euiFlexGroup--wrap"
                                      >
                                        <EuiFlexItem
                                          className="euiSearchBar__searchHolder"
                                          grow={true}
                                        >
                                          <div
                                            className="euiFlexItem euiSearchBar__searchHolder"
                                          >
                                            <EuiSearchBox
                                              incremental={true}
                                              isInvalid={false}
                                              onSearch={[Function]}
                                              placeholder="Search..."
                                              query=""
                                            >
                                              <EuiFieldSearch
                                                aria-label="This is a search bar. As you type, the results lower in the page will automatically filter."
                                                compressed={false}
                                                defaultValue=""
                                                fullWidth={true}
                                                incremental={true}
                                                inputRef={[Function]}
                                                isClearable={true}
                                                isInvalid={false}
                                                isLoading={false}
                                                onSearch={[Function]}
                                                placeholder="Search..."
                                              >
                                                <EuiFormControlLayout
                                                  compressed={false}
                                                  fullWidth={true}
                                                  icon="search"
                                                  isLoading={false}
                                                >
                                                  <div
                                                    className="euiFormControlLayout euiFormControlLayout--fullWidth"
                                                  >
                                                    <div
                                                      className="euiFormControlLayout__childrenWrapper"
                                                    >
                                                      <EuiValidatableControl
                                                        isInvalid={false}
                                                      >
                                                        <input
                                                          aria-label="This is a search bar. As you type, the results lower in the page will automatically filter."
                                                          className="euiFieldSearch euiFieldSearch--fullWidth euiFieldSearch-isClearable"
                                                          defaultValue=""
                                                          onKeyUp={[Function]}
                                                          placeholder="Search..."
                                                          type="search"
                                                        />
                                                      </EuiValidatableControl>
                                                      <EuiFormControlLayoutIcons
                                                        icon="search"
                                                        isLoading={false}
                                                      >
                                                        <div
                                                          className="euiFormControlLayoutIcons"
                                                        >
                                                          <EuiFormControlLayoutCustomIcon
                                                            type="search"
                                                          >
                                                            <span
                                                              className="euiFormControlLayoutCustomIcon"
                                                            >
                                                              <EuiIcon
                                                                aria-hidden="true"
                                                                className="euiFormControlLayoutCustomIcon__icon"
                                                                type="search"
                                                              >
                                                                <EuiIconEmpty
                                                                  aria-hidden={true}
                                                                  className="euiIcon euiIcon--medium euiIcon-isLoading euiFormControlLayoutCustomIcon__icon"
                                                                  focusable="false"
                                                                  role="img"
                                                                  style={null}
                                                                >
                                                                  <svg
                                                                    aria-hidden={true}
                                                                    className="euiIcon euiIcon--medium euiIcon-isLoading euiFormControlLayoutCustomIcon__icon"
                                                                    focusable="false"
                                                                    height={16}
                                                                    role="img"
                                                                    style={null}
                                                                    viewBox="0 0 16 16"
                                                                    width={16}
                                                                    xmlns="http://www.w3.org/2000/svg"
                                                                  />
                                                                </EuiIconEmpty>
                                                              </EuiIcon>
                                                            </span>
                                                          </EuiFormControlLayoutCustomIcon>
                                                        </div>
                                                      </EuiFormControlLayoutIcons>
                                                    </div>
                                                  </div>
                                                </EuiFormControlLayout>
                                              </EuiFieldSearch>
                                            </EuiSearchBox>
                                          </div>
                                        </EuiFlexItem>
                                      </div>
                                    </EuiFlexGroup>
                                  </EuiSearchBar>
                                  <EuiSpacer
                                    size="l"
                                  >
                                    <div
                                      className="euiSpacer euiSpacer--l"
                                    />
                                  </EuiSpacer>
                                  <EuiBasicTable
                                    columns={
                                      Array [
                                        Object {
                                          "align": "left",
                                          "field": "name",
                                          "name": "File",
                                          "sortable": true,
                                        },
                                        Object {
                                          "field": "size",
                                          "name": "Size",
                                          "render": [Function],
                                          "sortable": true,
                                        },
                                        Object {
                                          "field": "date",
                                          "name": "Created",
                                          "render": [Function],
                                          "sortable": true,
                                        },
                                        Object {
                                          "align": "left",
                                          "name": "Actions",
                                          "render": [Function],
                                        },
                                      ]
                                    }
                                    items={Array []}
                                    loading={true}
                                    noItemsMessage={null}
                                    onChange={[Function]}
                                    pagination={
                                      Object {
                                        "hidePerPageOptions": undefined,
                                        "pageIndex": 0,
                                        "pageSize": 10,
                                        "pageSizeOptions": Array [
                                          10,
                                          25,
                                          50,
                                        ],
                                        "totalItemCount": 0,
                                      }
                                    }
                                    responsive={true}
                                    sorting={
                                      Object {
                                        "allowNeutralSort": true,
                                        "sort": Object {
                                          "direction": "desc",
                                          "field": "Created",
                                        },
                                      }
                                    }
                                    tableLayout="fixed"
                                  >
                                    <div
                                      className="euiBasicTable euiBasicTable-loading"
                                    >
                                      <div>
                                        <EuiTableHeaderMobile>
                                          <div
                                            className="euiTableHeaderMobile"
                                          >
                                            <EuiFlexGroup
                                              alignItems="baseline"
                                              justifyContent="spaceBetween"
                                              responsive={false}
                                            >
                                              <div
                                                className="euiFlexGroup euiFlexGroup--gutterLarge euiFlexGroup--alignItemsBaseline euiFlexGroup--justifyContentSpaceBetween euiFlexGroup--directionRow"
                                              >
                                                <EuiFlexItem
                                                  grow={false}
                                                >
                                                  <div
                                                    className="euiFlexItem euiFlexItem--flexGrowZero"
                                                  />
                                                </EuiFlexItem>
                                                <EuiFlexItem
                                                  grow={false}
                                                >
                                                  <div
                                                    className="euiFlexItem euiFlexItem--flexGrowZero"
                                                  >
                                                    <EuiTableSortMobile
                                                      items={
                                                        Array [
                                                          Object {
                                                            "isSortAscending": undefined,
                                                            "isSorted": false,
                                                            "key": "_data_s_name_0",
                                                            "name": "File",
                                                            "onSort": [Function],
                                                          },
                                                          Object {
                                                            "isSortAscending": undefined,
                                                            "isSorted": false,
                                                            "key": "_data_s_size_1",
                                                            "name": "Size",
                                                            "onSort": [Function],
                                                          },
                                                          Object {
                                                            "isSortAscending": false,
                                                            "isSorted": true,
                                                            "key": "_data_s_date_2",
                                                            "name": "Created",
                                                            "onSort": [Function],
                                                          },
                                                        ]
                                                      }
                                                    >
                                                      <div
                                                        className="euiTableSortMobile"
                                                      >
                                                        <EuiPopover
                                                          anchorPosition="downRight"
                                                          button={
                                                            <EuiButtonEmpty
                                                              flush="right"
                                                              iconSide="right"
                                                              iconType="arrowDown"
                                                              onClick={[Function]}
                                                              size="xs"
                                                            >
                                                              <EuiI18n
                                                                default="Sorting"
                                                                token="euiTableSortMobile.sorting"
                                                              />
                                                            </EuiButtonEmpty>
                                                          }
                                                          closePopover={[Function]}
                                                          display="inlineBlock"
                                                          hasArrow={true}
                                                          isOpen={false}
                                                          ownFocus={true}
                                                          panelPaddingSize="none"
                                                        >
                                                          <EuiOutsideClickDetector
                                                            isDisabled={true}
                                                            onOutsideClick={[Function]}
                                                          >
                                                            <div
                                                              className="euiPopover euiPopover--anchorDownRight"
                                                              onKeyDown={[Function]}
                                                              onMouseDown={[Function]}
                                                              onMouseUp={[Function]}
                                                              onTouchEnd={[Function]}
                                                              onTouchStart={[Function]}
                                                            >
                                                              <div
                                                                className="euiPopover__anchor"
                                                              >
                                                                <EuiButtonEmpty
                                                                  flush="right"
                                                                  iconSide="right"
                                                                  iconType="arrowDown"
                                                                  onClick={[Function]}
                                                                  size="xs"
                                                                >
                                                                  <button
                                                                    className="euiButtonEmpty euiButtonEmpty--primary euiButtonEmpty--xSmall euiButtonEmpty--flushRight"
                                                                    disabled={false}
                                                                    onClick={[Function]}
                                                                    type="button"
                                                                  >
                                                                    <EuiButtonContent
                                                                      className="euiButtonEmpty__content"
                                                                      iconSide="right"
                                                                      iconType="arrowDown"
                                                                      textProps={
                                                                        Object {
                                                                          "className": "euiButtonEmpty__text",
                                                                        }
                                                                      }
                                                                    >
                                                                      <span
                                                                        className="euiButtonContent euiButtonContent--iconRight euiButtonEmpty__content"
                                                                      >
                                                                        <EuiIcon
                                                                          className="euiButtonContent__icon"
                                                                          size="m"
                                                                          type="arrowDown"
                                                                        >
                                                                          <EuiIconEmpty
                                                                            aria-hidden={true}
                                                                            className="euiIcon euiIcon--medium euiIcon-isLoading euiButtonContent__icon"
                                                                            focusable="false"
                                                                            role="img"
                                                                            style={null}
                                                                          >
                                                                            <svg
                                                                              aria-hidden={true}
                                                                              className="euiIcon euiIcon--medium euiIcon-isLoading euiButtonContent__icon"
                                                                              focusable="false"
                                                                              height={16}
                                                                              role="img"
                                                                              style={null}
                                                                              viewBox="0 0 16 16"
                                                                              width={16}
                                                                              xmlns="http://www.w3.org/2000/svg"
                                                                            />
                                                                          </EuiIconEmpty>
                                                                        </EuiIcon>
                                                                        <span
                                                                          className="euiButtonEmpty__text"
                                                                        >
                                                                          <EuiI18n
                                                                            default="Sorting"
                                                                            token="euiTableSortMobile.sorting"
                                                                          >
                                                                            Sorting
                                                                          </EuiI18n>
                                                                        </span>
                                                                      </span>
                                                                    </EuiButtonContent>
                                                                  </button>
                                                                </EuiButtonEmpty>
                                                              </div>
                                                            </div>
                                                          </EuiOutsideClickDetector>
                                                        </EuiPopover>
                                                      </div>
                                                    </EuiTableSortMobile>
                                                  </div>
                                                </EuiFlexItem>
                                              </div>
                                            </EuiFlexGroup>
                                          </div>
                                        </EuiTableHeaderMobile>
                                        <EuiTable
                                          id="__table_91370161-e3e1-11eb-97e4-6fde5957ff75"
                                          responsive={true}
                                          tableLayout="fixed"
                                        >
                                          <table
                                            className="euiTable euiTable--responsive"
                                            id="__table_91370161-e3e1-11eb-97e4-6fde5957ff75"
                                            tabIndex={-1}
                                          >
                                            <EuiScreenReaderOnly>
                                              <caption
                                                className="euiScreenReaderOnly euiTableCaption"
                                              >
                                                <EuiDelayRender
                                                  delay={500}
                                                />
                                              </caption>
                                            </EuiScreenReaderOnly>
                                            <EuiTableHeader>
                                              <thead>
                                                <tr>
                                                  <EuiTableHeaderCell
                                                    align="left"
                                                    allowNeutralSort={true}
                                                    data-test-subj="tableHeaderCell_name_0"
                                                    isSorted={false}
                                                    key="_data_h_name_0"
                                                    onSort={[Function]}
                                                  >
                                                    <th
                                                      aria-live="polite"
                                                      aria-sort="none"
                                                      className="euiTableHeaderCell"
                                                      data-test-subj="tableHeaderCell_name_0"
                                                      role="columnheader"
                                                      scope="col"
                                                      style={
                                                        Object {
                                                          "width": undefined,
                                                        }
                                                      }
                                                    >
                                                      <button
                                                        className="euiTableHeaderButton"
                                                        data-test-subj="tableHeaderSortButton"
                                                        onClick={[Function]}
                                                        type="button"
                                                      >
                                                        <span
                                                          className="euiTableCellContent"
                                                        >
                                                          <EuiInnerText>
                                                            <EuiI18n
                                                              default="{innerText}; Sorted in {ariaSortValue} order"
                                                              token="euiTableHeaderCell.titleTextWithSort"
                                                              values={
                                                                Object {
                                                                  "ariaSortValue": "none",
                                                                  "innerText": "File",
                                                                }
                                                              }
                                                            >
                                                              <span
                                                                className="euiTableCellContent__text"
                                                                title="File"
                                                              >
                                                                File
                                                              </span>
                                                            </EuiI18n>
                                                          </EuiInnerText>
                                                          <EuiScreenReaderOnly>
                                                            <span
                                                              className="euiScreenReaderOnly"
                                                            >
                                                              <EuiI18n
                                                                default="Click to sort in ascending order"
                                                                token="euiTableHeaderCell.clickForAscending"
                                                              >
                                                                Click to sort in ascending order
                                                              </EuiI18n>
                                                            </span>
                                                          </EuiScreenReaderOnly>
                                                        </span>
                                                      </button>
                                                    </th>
                                                  </EuiTableHeaderCell>
                                                  <EuiTableHeaderCell
                                                    align="left"
                                                    allowNeutralSort={true}
                                                    data-test-subj="tableHeaderCell_size_1"
                                                    isSorted={false}
                                                    key="_data_h_size_1"
                                                    onSort={[Function]}
                                                  >
                                                    <th
                                                      aria-live="polite"
                                                      aria-sort="none"
                                                      className="euiTableHeaderCell"
                                                      data-test-subj="tableHeaderCell_size_1"
                                                      role="columnheader"
                                                      scope="col"
                                                      style={
                                                        Object {
                                                          "width": undefined,
                                                        }
                                                      }
                                                    >
                                                      <button
                                                        className="euiTableHeaderButton"
                                                        data-test-subj="tableHeaderSortButton"
                                                        onClick={[Function]}
                                                        type="button"
                                                      >
                                                        <span
                                                          className="euiTableCellContent"
                                                        >
                                                          <EuiInnerText>
                                                            <EuiI18n
                                                              default="{innerText}; Sorted in {ariaSortValue} order"
                                                              token="euiTableHeaderCell.titleTextWithSort"
                                                              values={
                                                                Object {
                                                                  "ariaSortValue": "none",
                                                                  "innerText": "Size",
                                                                }
                                                              }
                                                            >
                                                              <span
                                                                className="euiTableCellContent__text"
                                                                title="Size"
                                                              >
                                                                Size
                                                              </span>
                                                            </EuiI18n>
                                                          </EuiInnerText>
                                                          <EuiScreenReaderOnly>
                                                            <span
                                                              className="euiScreenReaderOnly"
                                                            >
                                                              <EuiI18n
                                                                default="Click to sort in ascending order"
                                                                token="euiTableHeaderCell.clickForAscending"
                                                              >
                                                                Click to sort in ascending order
                                                              </EuiI18n>
                                                            </span>
                                                          </EuiScreenReaderOnly>
                                                        </span>
                                                      </button>
                                                    </th>
                                                  </EuiTableHeaderCell>
                                                  <EuiTableHeaderCell
                                                    align="left"
                                                    allowNeutralSort={true}
                                                    data-test-subj="tableHeaderCell_date_2"
                                                    isSortAscending={false}
                                                    isSorted={true}
                                                    key="_data_h_date_2"
                                                    onSort={[Function]}
                                                  >
                                                    <th
                                                      aria-live="polite"
                                                      aria-sort="descending"
                                                      className="euiTableHeaderCell"
                                                      data-test-subj="tableHeaderCell_date_2"
                                                      role="columnheader"
                                                      scope="col"
                                                      style={
                                                        Object {
                                                          "width": undefined,
                                                        }
                                                      }
                                                    >
                                                      <button
                                                        className="euiTableHeaderButton euiTableHeaderButton-isSorted"
                                                        data-test-subj="tableHeaderSortButton"
                                                        onClick={[Function]}
                                                        type="button"
                                                      >
                                                        <span
                                                          className="euiTableCellContent"
                                                        >
                                                          <EuiInnerText>
                                                            <EuiI18n
                                                              default="{innerText}; Sorted in {ariaSortValue} order"
                                                              token="euiTableHeaderCell.titleTextWithSort"
                                                              values={
                                                                Object {
                                                                  "ariaSortValue": "descending",
                                                                  "innerText": "Created",
                                                                }
                                                              }
                                                            >
                                                              <span
                                                                className="euiTableCellContent__text"
                                                                title="Created; Sorted in descending order"
                                                              >
                                                                Created
                                                              </span>
                                                            </EuiI18n>
                                                          </EuiInnerText>
                                                          <EuiI18n
                                                            default="Sorted in {ariaSortValue} order"
                                                            token="euiTableHeaderCell.sortedAriaLabel"
                                                            values={
                                                              Object {
                                                                "ariaSortValue": "descending",
                                                              }
                                                            }
                                                          >
                                                            <EuiIcon
                                                              aria-label="Sorted in descending order"
                                                              className="euiTableSortIcon"
                                                              size="m"
                                                              type="sortDown"
                                                            >
                                                              <EuiIconEmpty
                                                                aria-hidden={true}
                                                                aria-label="Sorted in descending order"
                                                                className="euiIcon euiIcon--medium euiIcon-isLoading euiTableSortIcon"
                                                                focusable="false"
                                                                role="img"
                                                                style={null}
                                                              >
                                                                <svg
                                                                  aria-hidden={true}
                                                                  aria-label="Sorted in descending order"
                                                                  className="euiIcon euiIcon--medium euiIcon-isLoading euiTableSortIcon"
                                                                  focusable="false"
                                                                  height={16}
                                                                  role="img"
                                                                  style={null}
                                                                  viewBox="0 0 16 16"
                                                                  width={16}
                                                                  xmlns="http://www.w3.org/2000/svg"
                                                                />
                                                              </EuiIconEmpty>
                                                            </EuiIcon>
                                                          </EuiI18n>
                                                          <EuiScreenReaderOnly>
                                                            <span
                                                              className="euiScreenReaderOnly"
                                                            >
                                                              <EuiI18n
                                                                default="Click to unsort"
                                                                token="euiTableHeaderCell.clickForUnsort"
                                                              >
                                                                Click to unsort
                                                              </EuiI18n>
                                                            </span>
                                                          </EuiScreenReaderOnly>
                                                        </span>
                                                      </button>
                                                    </th>
                                                  </EuiTableHeaderCell>
                                                  <EuiTableHeaderCell
                                                    align="left"
                                                    data-test-subj="tableHeaderCell_Actions_3"
                                                    key="_computed_column_h_3"
                                                  >
                                                    <th
                                                      className="euiTableHeaderCell"
                                                      data-test-subj="tableHeaderCell_Actions_3"
                                                      role="columnheader"
                                                      scope="col"
                                                      style={
                                                        Object {
                                                          "width": undefined,
                                                        }
                                                      }
                                                    >
                                                      <div
                                                        className="euiTableCellContent"
                                                      >
                                                        <EuiInnerText>
                                                          <span
                                                            className="euiTableCellContent__text"
                                                            title="Actions"
                                                          >
                                                            Actions
                                                          </span>
                                                        </EuiInnerText>
                                                      </div>
                                                    </th>
                                                  </EuiTableHeaderCell>
                                                </tr>
                                              </thead>
                                            </EuiTableHeader>
                                            <EuiTableBody>
                                              <tbody>
                                                <EuiTableRow>
                                                  <tr
                                                    className="euiTableRow"
                                                  >
                                                    <EuiTableRowCell
                                                      align="center"
                                                      colSpan={4}
                                                      isMobileFullWidth={true}
                                                    >
                                                      <td
                                                        className="euiTableRowCell euiTableRowCell--isMobileFullWidth"
                                                        colSpan={4}
                                                        style={
                                                          Object {
                                                            "width": undefined,
                                                          }
                                                        }
                                                      >
                                                        <div
                                                          className="euiTableCellContent euiTableCellContent--alignCenter"
                                                        >
                                                          <span
                                                            className="euiTableCellContent__text"
                                                          />
                                                        </div>
                                                      </td>
                                                    </EuiTableRowCell>
                                                  </tr>
                                                </EuiTableRow>
                                              </tbody>
                                            </EuiTableBody>
                                          </table>
                                        </EuiTable>
                                      </div>
                                    </div>
                                  </EuiBasicTable>
                                </div>
                              </EuiInMemoryTable>
                            </div>
                          </WzReportingTable>
                        </Connect(WzReportingTable)>
                      </div>
                    </EuiFlexItem>
                  </div>
                </EuiFlexGroup>
              </div>
            </EuiPanel>
          </div>
        </EuiPage>
      </WzReportingOverview>
    </Provider>
  </WzReduxProvider>
</WzReporting>
`;
