// Jest Snapshot v1, https://goo.gl/fbAQLP

exports[`DevToolsRequestStatusIndicator matches snapshot for basic success meta 1`] = `
<div>
  <div
    class="euiFlexGroup euiFlexGroup--alignItemsCenter euiFlexGroup--justifyContentFlexEnd euiFlexGroup--directionRow euiFlexGroup--responsive"
    style="gap: 8px;"
  >
    <span
      class="euiBadge euiBadge--iconLeft"
      style="background-color: rgb(109, 204, 177); color: rgb(0, 0, 0);"
      title="200 - OK"
    >
      <span
        class="euiBadge__content"
      >
        <span
          class="euiBadge__text"
        >
          200 - OK
        </span>
      </span>
    </span>
    <span
      class="euiBadge euiBadge--hollow euiBadge--iconLeft"
      title="123 ms"
    >
      <span
        class="euiBadge__content"
      >
        <span
          class="euiBadge__text"
        >
          123
           ms
        </span>
      </span>
    </span>
  </div>
</div>
`;
