// Jest Snapshot v1, https://goo.gl/fbAQLP

exports[`Stats component renders correctly to match the snapshot 1`] = `
<div>
  <div
    class="euiFlexGroup euiFlexGroup--gutterLarge euiFlexGroup--directionRow euiFlexGroup--responsive"
  >
    <div
      class="euiFlexItem euiFlexItem--flexGrowZero"
    >
      <div
        class="euiPanel euiPanel--paddingLarge euiPanel--borderRadiusMedium euiPanel--plain euiPanel--hasShadow euiCard euiCard--centerAligned euiCard--hasBetaBadge"
      >
        <div
          class="euiCard__content"
        >
          <span
            class="euiTitle euiTitle--small euiCard__title"
            id="htmlIdTitle"
          />
          <div
            class="euiCard__children"
          >
            <div
              class="euiEmptyPrompt"
            >
              <span
                class="euiTextColor euiTextColor--subdued"
              >
                <div
                  class="euiText euiText--medium"
                >
                  <p>
                    This instance has no agents registered.
                    <br />
                    Please deploy agents to begin monitoring your endpoints.
                  </p>
                </div>
              </span>
              <div
                class="euiSpacer euiSpacer--l"
              />
              <button
                class="euiButton euiButton--primary euiButton--fill"
                type="button"
              >
                <span
                  class="euiButtonContent euiButton__content"
                >
                  <svg
                    aria-hidden="true"
                    class="euiIcon euiIcon--medium euiIcon--inherit euiIcon-isLoading euiButtonContent__icon"
                    focusable="false"
                    height="16"
                    role="img"
                    viewBox="0 0 16 16"
                    width="16"
                    xmlns="http://www.w3.org/2000/svg"
                  >
                    <path
                      d="M5.277 10.088c.02.014.04.03.057.047.582.55 1.134.812 1.666.812.586 0 1.84-.293 3.713-.88L9 6.212V2H7v4.212l-1.723 3.876Zm-.438.987L3.539 14h8.922l-1.32-2.969C9.096 11.677 7.733 12 7 12c-.74 0-1.463-.315-2.161-.925ZM6 2H5V1h6v1h-1v4l3.375 7.594A1 1 0 0 1 12.461 15H3.54a1 1 0 0 1-.914-1.406L6 6V2Z"
                    />
                  </svg>
                  <span
                    class="euiButton__text"
                  >
                    Deploy new agent
                  </span>
                </span>
              </button>
            </div>
          </div>
        </div>
        <span
          class="euiCard__betaBadgeWrapper"
        >
          <span
            class="euiBetaBadge euiBetaBadge--hollow euiCard__betaBadge"
            id="htmlIdBetaBadge"
            title="Agents summary"
          >
            Agents summary
          </span>
        </span>
      </div>
    </div>
    <div
      class="euiFlexItem"
    >
      <div
        class="euiPanel euiPanel--paddingLarge euiPanel--borderRadiusMedium euiPanel--plain euiPanel--hasShadow euiCard euiCard--centerAligned euiCard--hasBetaBadge"
      >
        <div
          class="euiCard__content"
        >
          <span
            class="euiTitle euiTitle--small euiCard__title"
            id="htmlIdTitle"
          />
          <div
            class="euiCard__children"
          >
            <div
              class="euiFlexGroup euiFlexGroup--gutterLarge euiFlexGroup--directionRow euiFlexGroup--responsive euiFlexGroup--wrap vulnerabilites-summary-card"
            >
              <div
                class="euiFlexItem"
              >
                <div
                  class="osdRedirectCrossAppLinks"
                >
                  <div
                    class="euiStat euiStat--centerAligned"
                  >
                    <div
                      class="euiText euiText--small euiStat__description"
                    >
                      <h3
                        aria-hidden="true"
                      >
                        Critical severity
                      </h3>
                    </div>
                    <p
                      aria-hidden="true"
                      class="euiTitle euiTitle--large euiStat__title"
                      style="color: rgb(189, 39, 30);"
                    >
                      <span
                        class="euiToolTipAnchor"
                      >
                        <a
                          class="euiLink euiLink--primary statWithLink"
                          href=""
                          rel="noreferrer"
                          style="font-weight: normal; color: rgb(189, 39, 30);"
                        >
                          -
                        </a>
                      </span>
                    </p>
                  </div>
                  <div
                    class="euiText euiText--small"
                    css="margin-top: 0.7vh"
                  >
                    Rule level 15 or higher
                  </div>
                </div>
              </div>
              <div
                class="euiFlexItem"
              >
                <div
                  class="osdRedirectCrossAppLinks"
                >
                  <div
                    class="euiStat euiStat--centerAligned"
                  >
                    <div
                      class="euiText euiText--small euiStat__description"
                    >
                      <h3
                        aria-hidden="true"
                      >
                        High severity
                      </h3>
                    </div>
                    <p
                      aria-hidden="true"
                      class="euiTitle euiTitle--large euiStat__title"
                      style="color: rgb(254, 197, 20);"
                    >
                      <span
                        class="euiToolTipAnchor"
                      >
                        <a
                          class="euiLink euiLink--primary statWithLink"
                          href=""
                          rel="noreferrer"
                          style="font-weight: normal; color: rgb(254, 197, 20);"
                        >
                          -
                        </a>
                      </span>
                    </p>
                  </div>
                  <div
                    class="euiText euiText--small"
                    css="margin-top: 0.7vh"
                  >
                    Rule level 12 to 14
                  </div>
                </div>
              </div>
              <div
                class="euiFlexItem"
              >
                <div
                  class="osdRedirectCrossAppLinks"
                >
                  <div
                    class="euiStat euiStat--centerAligned"
                  >
                    <div
                      class="euiText euiText--small euiStat__description"
                    >
                      <h3
                        aria-hidden="true"
                      >
                        Medium severity
                      </h3>
                    </div>
                    <p
                      aria-hidden="true"
                      class="euiTitle euiTitle--large euiStat__title"
                      style="color: rgb(96, 146, 192);"
                    >
                      <span
                        class="euiToolTipAnchor"
                      >
                        <a
                          class="euiLink euiLink--primary statWithLink"
                          href=""
                          rel="noreferrer"
                          style="font-weight: normal; color: rgb(96, 146, 192);"
                        >
                          -
                        </a>
                      </span>
                    </p>
                  </div>
                  <div
                    class="euiText euiText--small"
                    css="margin-top: 0.7vh"
                  >
                    Rule level 7 to 11
                  </div>
                </div>
              </div>
              <div
                class="euiFlexItem"
              >
                <div
                  class="osdRedirectCrossAppLinks"
                >
                  <div
                    class="euiStat euiStat--centerAligned"
                  >
                    <div
                      class="euiText euiText--small euiStat__description"
                    >
                      <h3
                        aria-hidden="true"
                      >
                        Low severity
                      </h3>
                    </div>
                    <p
                      aria-hidden="true"
                      class="euiTitle euiTitle--large euiStat__title"
                      style="color: rgb(0, 120, 113);"
                    >
                      <span
                        class="euiToolTipAnchor"
                      >
                        <a
                          class="euiLink euiLink--primary statWithLink"
                          href=""
                          rel="noreferrer"
                          style="font-weight: normal; color: rgb(0, 120, 113);"
                        >
                          -
                        </a>
                      </span>
                    </p>
                  </div>
                  <div
                    class="euiText euiText--small"
                    css="margin-top: 0.7vh"
                  >
                    Rule level 0 to 6
                  </div>
                </div>
              </div>
            </div>
          </div>
        </div>
        <span
          class="euiCard__betaBadgeWrapper"
        >
          <span
            class="euiBetaBadge euiBetaBadge--hollow euiCard__betaBadge"
            id="htmlIdBetaBadge"
            title="Last 24 hours alerts"
          >
            Last 24 hours alerts
          </span>
        </span>
      </div>
    </div>
  </div>
</div>
`;
