// Jest Snapshot v1, https://goo.gl/fbAQLP

exports[`Stats component renders correctly to match the snapshot 1`] = `
<div>
  <div
    class="euiFlexGroup euiFlexGroup--gutterLarge euiFlexGroup--directionRow euiFlexGroup--responsive"
  >
    <div
      class="euiFlexItem euiFlexItem--flexGrowZero"
    >
      <div
        class="euiPanel euiPanel--paddingLarge euiPanel--borderRadiusMedium euiPanel--plain euiPanel--hasShadow euiCard euiCard--centerAligned euiCard--hasBetaBadge"
      >
        <div
          class="euiCard__content"
        >
          <span
            class="euiTitle euiTitle--small euiCard__title"
            id="htmlIdTitle"
          />
          <div
            class="euiCard__children"
          >
            <div
              class="wazuh-visualization-layout"
              style="width: 100%; height: 150px;"
            >
              <div
                class="euiFlexGroup euiFlexGroup--directionRow euiFlexGroup--responsive"
                style="height: 100%;"
              >
                <div
                  class="euiFlexItem wazuh-visualization-chart"
                >
                  <svg
                    height="0"
                    width="0"
                  >
                    <g
                      transform="translate(0,0)"
                    />
                  </svg>
                </div>
                <div
                  class="euiFlexItem wazuh-visualization-legend"
                >
                  <ul
                    class="euiListGroup euiListGroup-flush euiListGroup--gutterSmall euiListGroup-maxWidthDefault chart-legend"
                  >
                    <li
                      class="euiListGroupItem euiListGroupItem--medium euiListGroupItem--text euiListGroupItem-isClickable"
                    >
                      <button
                        class="euiListGroupItem__button"
                        type="button"
                      >
                        <span
                          class="euiListGroupItem__icon"
                          color="#007871"
                          data-euiicon-type="dot"
                        />
                        <span
                          class="euiListGroupItem__label"
                        >
                          <div
                            style="font-size: 0.875rem; text-overflow: ellipsis; overflow: hidden;"
                          >
                            Active (8)
                          </div>
                        </span>
                      </button>
                    </li>
                    <li
                      class="euiListGroupItem euiListGroupItem--medium euiListGroupItem--text euiListGroupItem-isClickable"
                    >
                      <button
                        class="euiListGroupItem__button"
                        type="button"
                      >
                        <span
                          class="euiListGroupItem__icon"
                          color="#BD271E"
                          data-euiicon-type="dot"
                        />
                        <span
                          class="euiListGroupItem__label"
                        >
                          <div
                            style="font-size: 0.875rem; text-overflow: ellipsis; overflow: hidden;"
                          >
                            Disconnected (0)
                          </div>
                        </span>
                      </button>
                    </li>
                  </ul>
                </div>
              </div>
            </div>
          </div>
        </div>
        <span
          class="euiCard__betaBadgeWrapper"
        >
          <span
            class="euiBetaBadge euiBetaBadge--hollow euiCard__betaBadge"
            id="htmlIdBetaBadge"
            title="Agents summary"
          >
            Agents summary
          </span>
        </span>
      </div>
    </div>
    <div
      class="euiFlexItem"
    >
      <div
        class="euiPanel euiPanel--paddingLarge euiPanel--borderRadiusMedium euiPanel--plain euiPanel--hasShadow euiCard euiCard--centerAligned euiCard--hasBetaBadge"
      >
        <div
          class="euiCard__content"
        >
          <span
            class="euiTitle euiTitle--small euiCard__title"
            id="htmlIdTitle"
          />
          <div
            class="euiCard__children"
          >
            <div
              class="vulnerabilites-summary-card"
            >
              <div
                class="euiProgress euiProgress--indeterminate euiProgress--xs euiProgress--primary"
              />
            </div>
          </div>
        </div>
        <span
          class="euiCard__betaBadgeWrapper"
        >
          <span
            class="euiBetaBadge euiBetaBadge--hollow euiCard__betaBadge"
            id="htmlIdBetaBadge"
            title="Last 24 hours alerts"
          >
            Last 24 hours alerts
          </span>
        </span>
      </div>
    </div>
  </div>
</div>
`;
