// Jest Snapshot v1, https://goo.gl/fbAQLP

exports[`Stats component renders correctly to match the snapshot 1`] = `
<div>
  <div
    class="euiPage euiPage--paddingMedium euiPage--grow"
  >
    <div
      class="euiFlexGroup euiFlexGroup--gutterLarge euiFlexGroup--directionRow euiFlexGroup--responsive"
    >
      <div
        class="euiFlexItem"
      />
      <div
        class="euiFlexItem"
      >
        <div
          class="euiStat euiStat--centerAligned"
        >
          <div
            class="euiText euiText--small euiStat__description"
          >
            <p
              aria-hidden="true"
            >
              Active agents
            </p>
          </div>
          <p
            aria-hidden="true"
            class="euiTitle euiTitle--large euiStat__title"
            style="color: rgb(0, 120, 113);"
          >
            <span
              class="euiToolTipAnchor"
            >
              <span
                class="statWithLink"
                style="cursor: pointer;"
              >
                -
              </span>
            </span>
          </p>
        </div>
      </div>
      <div
        class="euiFlexItem"
      >
        <div
          class="euiStat euiStat--centerAligned"
        >
          <div
            class="euiText euiText--small euiStat__description"
          >
            <p
              aria-hidden="true"
            >
              Disconnected agents
            </p>
          </div>
          <p
            aria-hidden="true"
            class="euiTitle euiTitle--large euiStat__title"
            style="color: rgb(189, 39, 30);"
          >
            <span
              class="euiToolTipAnchor"
            >
              <span
                class="statWithLink"
                style="cursor: pointer;"
              >
                -
              </span>
            </span>
          </p>
        </div>
      </div>
      <div
        class="euiFlexItem"
      >
        <div
          class="osdRedirectCrossAppLinks"
        >
          <div
            class="euiStat euiStat--centerAligned"
          >
            <div
              class="euiText euiText--small euiStat__description"
            >
              <p
                aria-hidden="true"
              >
                Last 24 hours alerts
              </p>
            </div>
            <p
              aria-hidden="true"
              class="euiTitle euiTitle--large euiStat__title"
              style="color: rgb(0, 120, 113);"
            >
              <span
                class="euiToolTipAnchor"
              >
                <a
                  class="euiLink euiLink--primary statWithLink"
                  href=""
                  rel="noreferrer"
                  style="font-weight: normal;"
                >
                  -
                </a>
              </span>
            </p>
          </div>
        </div>
      </div>
      <div
        class="euiFlexItem"
      />
    </div>
  </div>
</div>
`;
