// Jest Snapshot v1, https://goo.gl/fbAQLP

exports[`ApiAuthTab component renders correctly to match the snapshot 1`] = `
<ApiAuthTab
  agent={
    Object {
      "id": "000",
    }
  }
  wodleConfiguration={
    Object {
      "office365": Object {
        "api_auth": Array [
          Object {
            "client_id": "your_client_id_test_1",
            "client_secret": "your_secret_test_1",
            "tenant_id": "your_tenant_id_test_1",
          },
          Object {
            "client_id": "your_client_id_test_2",
            "client_secret": "your_secret_test_2",
            "tenant_id": "your_tenant_id_test_2",
          },
        ],
        "curl_max_size": 1024,
        "enabled": "yes",
        "interval": 600,
        "only_future_events": "yes",
        "subscriptions": Array [
          "Audit.AzureActiveDirectory",
          "Audit.Exchange",
          "Audit.SharePoint",
          "Audit.General",
          "DLP.All",
        ],
      },
    }
  }
>
  <WzConfigurationSettingsHeader
    help={
      Array [
        Object {
          "href": "https://documentation.wazuh.com/4.12/cloud-security/office365/index.html",
          "text": "Monitoring Office 365",
        },
        Object {
          "href": "https://documentation.wazuh.com/4.12/user-manual/reference/ossec-conf/office365-module.html",
          "text": "Configuration options for the module",
        },
      ]
    }
    title="Credentials for the authentication with the API"
  >
    <EuiFlexGroup
      alignItems="center"
    >
      <div
        className="euiFlexGroup euiFlexGroup--gutterLarge euiFlexGroup--alignItemsCenter euiFlexGroup--directionRow euiFlexGroup--responsive"
      >
        <EuiFlexItem>
          <div
            className="euiFlexItem"
          >
            <EuiTitle
              size="s"
            >
              <h2
                className="euiTitle euiTitle--small"
              >
                Credentials for the authentication with the API
              </h2>
            </EuiTitle>
          </div>
        </EuiFlexItem>
        <EuiFlexItem
          grow={false}
        >
          <div
            className="euiFlexItem euiFlexItem--flexGrowZero"
          >
            <EuiFlexGroup
              alignItems="center"
              gutterSize="none"
              justifyContent="flexEnd"
            >
              <div
                className="euiFlexGroup euiFlexGroup--alignItemsCenter euiFlexGroup--justifyContentFlexEnd euiFlexGroup--directionRow euiFlexGroup--responsive"
              >
                <span>
                  <WzHelpButtonPopover
                    links={
                      Array [
                        Object {
                          "href": "https://documentation.wazuh.com/4.12/cloud-security/office365/index.html",
                          "text": "Monitoring Office 365",
                        },
                        Object {
                          "href": "https://documentation.wazuh.com/4.12/user-manual/reference/ossec-conf/office365-module.html",
                          "text": "Configuration options for the module",
                        },
                      ]
                    }
                  >
                    <EuiPopover
                      anchorPosition="downCenter"
                      button={
                        <EuiButtonEmpty
                          iconSide="left"
                          iconType="questionInCircle"
                          onClick={[Function]}
                        />
                      }
                      closePopover={[Function]}
                      display="inlineBlock"
                      hasArrow={true}
                      id="show-help"
                      isOpen={false}
                      ownFocus={true}
                      panelPaddingSize="m"
                    >
                      <div
                        className="euiPopover euiPopover--anchorDownCenter"
                        id="show-help"
                      >
                        <div
                          className="euiPopover__anchor"
                        >
                          <EuiButtonEmpty
                            iconSide="left"
                            iconType="questionInCircle"
                            onClick={[Function]}
                          >
                            <button
                              className="euiButtonEmpty euiButtonEmpty--primary"
                              disabled={false}
                              onClick={[Function]}
                              type="button"
                            >
                              <EuiButtonContent
                                className="euiButtonEmpty__content"
                                iconSide="left"
                                iconSize="m"
                                iconType="questionInCircle"
                                textProps={
                                  Object {
                                    "className": "euiButtonEmpty__text",
                                  }
                                }
                              >
                                <span
                                  className="euiButtonContent euiButtonEmpty__content"
                                >
                                  <EuiIcon
                                    className="euiButtonContent__icon"
                                    color="inherit"
                                    size="m"
                                    type="questionInCircle"
                                  >
                                    <EuiIconBeaker
                                      aria-hidden={true}
                                      className="euiIcon euiIcon--medium euiIcon--inherit euiIcon-isLoading euiButtonContent__icon"
                                      focusable="false"
                                      role="img"
                                      style={null}
                                    >
                                      <svg
                                        aria-hidden={true}
                                        className="euiIcon euiIcon--medium euiIcon--inherit euiIcon-isLoading euiButtonContent__icon"
                                        focusable="false"
                                        height={16}
                                        role="img"
                                        style={null}
                                        viewBox="0 0 16 16"
                                        width={16}
                                        xmlns="http://www.w3.org/2000/svg"
                                      >
                                        <path
                                          d="M5.277 10.088c.02.014.04.03.057.047.582.55 1.134.812 1.666.812.586 0 1.84-.293 3.713-.88L9 6.212V2H7v4.212l-1.723 3.876Zm-.438.987L3.539 14h8.922l-1.32-2.969C9.096 11.677 7.733 12 7 12c-.74 0-1.463-.315-2.161-.925ZM6 2H5V1h6v1h-1v4l3.375 7.594A1 1 0 0 1 12.461 15H3.54a1 1 0 0 1-.914-1.406L6 6V2Z"
                                        />
                                      </svg>
                                    </EuiIconBeaker>
                                  </EuiIcon>
                                  <span
                                    className="euiButtonEmpty__text"
                                  />
                                </span>
                              </EuiButtonContent>
                            </button>
                          </EuiButtonEmpty>
                        </div>
                      </div>
                    </EuiPopover>
                  </WzHelpButtonPopover>
                </span>
              </div>
            </EuiFlexGroup>
          </div>
        </EuiFlexItem>
      </div>
    </EuiFlexGroup>
    <EuiSpacer
      size="xs"
    >
      <div
        className="euiSpacer euiSpacer--xs"
      />
    </EuiSpacer>
    <EuiHorizontalRule
      margin="none"
      style={
        Object {
          "marginBottom": 16,
        }
      }
    >
      <hr
        className="euiHorizontalRule euiHorizontalRule--full"
        style={
          Object {
            "marginBottom": 16,
          }
        }
      />
    </EuiHorizontalRule>
    <WzConfigurationSettingsListSelector
      items={
        Array [
          Object {
            "data": Object {
              "client_id": "your_client_id_test_1",
              "client_secret": "your_secret_test_1",
              "tenant_id": "your_tenant_id_test_1",
            },
            "label": "your_tenant_id_test_1",
          },
          Object {
            "data": Object {
              "client_id": "your_client_id_test_2",
              "client_secret": "your_secret_test_2",
              "tenant_id": "your_tenant_id_test_2",
            },
            "label": "your_tenant_id_test_2",
          },
        ]
      }
      settings={
        Array [
          Object {
            "field": "tenant_id",
            "label": "Tenant Id",
          },
          Object {
            "field": "client_id",
            "label": "Client Id",
          },
          Object {
            "field": "client_secret",
            "label": "Client Secret",
          },
          Object {
            "field": "client_secret_path",
            "label": "Client Secret Path",
          },
        ]
      }
    >
      <EuiSpacer
        size="m"
      >
        <div
          className="euiSpacer euiSpacer--m"
        />
      </EuiSpacer>
      <EuiFlexGroup
        alignItems="flexStart"
      >
        <div
          className="euiFlexGroup euiFlexGroup--gutterLarge euiFlexGroup--alignItemsFlexStart euiFlexGroup--directionRow euiFlexGroup--responsive"
        >
          <EuiFlexItem
            grow={false}
            style={
              Object {
                "maxWidth": 25,
                "minWidth": 250,
              }
            }
          >
            <div
              className="euiFlexItem euiFlexItem--flexGrowZero"
              style={
                Object {
                  "maxWidth": 25,
                  "minWidth": 250,
                }
              }
            >
              <EuiPanel
                style={
                  Object {
                    "background": "#fafbfd",
                  }
                }
              >
                <div
                  className="euiPanel euiPanel--paddingMedium euiPanel--borderRadiusMedium euiPanel--plain euiPanel--hasShadow"
                  style={
                    Object {
                      "background": "#fafbfd",
                    }
                  }
                >
                  <ul>
                    <li
                      key="undefined-0"
                    >
                      <EuiButtonEmpty
                        onClick={[Function]}
                        style={
                          Object {
                            "textDecoration": "underline",
                          }
                        }
                      >
                        <button
                          className="euiButtonEmpty euiButtonEmpty--primary"
                          disabled={false}
                          onClick={[Function]}
                          style={
                            Object {
                              "textDecoration": "underline",
                            }
                          }
                          type="button"
                        >
                          <EuiButtonContent
                            className="euiButtonEmpty__content"
                            iconSide="left"
                            iconSize="m"
                            textProps={
                              Object {
                                "className": "euiButtonEmpty__text",
                              }
                            }
                          >
                            <span
                              className="euiButtonContent euiButtonEmpty__content"
                            >
                              <span
                                className="euiButtonEmpty__text"
                              >
                                your_tenant_id_test_1
                              </span>
                            </span>
                          </EuiButtonContent>
                        </button>
                      </EuiButtonEmpty>
                    </li>
                    <li
                      key="undefined-1"
                    >
                      <EuiButtonEmpty
                        onClick={[Function]}
                        style={Object {}}
                      >
                        <button
                          className="euiButtonEmpty euiButtonEmpty--primary"
                          disabled={false}
                          onClick={[Function]}
                          style={Object {}}
                          type="button"
                        >
                          <EuiButtonContent
                            className="euiButtonEmpty__content"
                            iconSide="left"
                            iconSize="m"
                            textProps={
                              Object {
                                "className": "euiButtonEmpty__text",
                              }
                            }
                          >
                            <span
                              className="euiButtonContent euiButtonEmpty__content"
                            >
                              <span
                                className="euiButtonEmpty__text"
                              >
                                your_tenant_id_test_2
                              </span>
                            </span>
                          </EuiButtonContent>
                        </button>
                      </EuiButtonEmpty>
                    </li>
                  </ul>
                </div>
              </EuiPanel>
            </div>
          </EuiFlexItem>
          <EuiFlexItem>
            <div
              className="euiFlexItem"
            >
              <EuiPanel>
                <div
                  className="euiPanel euiPanel--paddingMedium euiPanel--borderRadiusMedium euiPanel--plain euiPanel--hasShadow"
                >
                  <WzSettingsGroup
                    config={
                      Object {
                        "client_id": "your_client_id_test_1",
                        "client_secret": "your_secret_test_1",
                        "tenant_id": "your_tenant_id_test_1",
                      }
                    }
                    items={
                      Array [
                        Object {
                          "field": "tenant_id",
                          "label": "Tenant Id",
                        },
                        Object {
                          "field": "client_id",
                          "label": "Client Id",
                        },
                        Object {
                          "field": "client_secret",
                          "label": "Client Secret",
                        },
                        Object {
                          "field": "client_secret_path",
                          "label": "Client Secret Path",
                        },
                      ]
                    }
                  >
                    <WzConfigurationSettingsHeader>
                      <EuiFlexGroup
                        alignItems="center"
                      >
                        <div
                          className="euiFlexGroup euiFlexGroup--gutterLarge euiFlexGroup--alignItemsCenter euiFlexGroup--directionRow euiFlexGroup--responsive"
                        >
                          <EuiFlexItem>
                            <div
                              className="euiFlexItem"
                            >
                              <EuiTitle
                                size="s"
                              >
                                <h2
                                  className="euiTitle euiTitle--small"
                                />
                              </EuiTitle>
                            </div>
                          </EuiFlexItem>
                          <EuiFlexItem
                            grow={false}
                          >
                            <div
                              className="euiFlexItem euiFlexItem--flexGrowZero"
                            >
                              <EuiFlexGroup
                                alignItems="center"
                                gutterSize="none"
                                justifyContent="flexEnd"
                              >
                                <div
                                  className="euiFlexGroup euiFlexGroup--alignItemsCenter euiFlexGroup--justifyContentFlexEnd euiFlexGroup--directionRow euiFlexGroup--responsive"
                                />
                              </EuiFlexGroup>
                            </div>
                          </EuiFlexItem>
                        </div>
                      </EuiFlexGroup>
                      <EuiSpacer
                        size="xs"
                      >
                        <div
                          className="euiSpacer euiSpacer--xs"
                        />
                      </EuiSpacer>
                    </WzConfigurationSettingsHeader>
                    <EuiSpacer
                      size="s"
                    >
                      <div
                        className="euiSpacer euiSpacer--s"
                      />
                    </EuiSpacer>
                    <EuiFlexGroup>
                      <div
                        className="euiFlexGroup euiFlexGroup--gutterLarge euiFlexGroup--directionRow euiFlexGroup--responsive"
                      >
                        <EuiFlexItem>
                          <div
                            className="euiFlexItem"
                          >
                            <WzConfigurationSetting
                              key="-Tenant Id-undefined-0"
                              keyItem="-Tenant Id-undefined-0"
                              label="Tenant Id"
                              value="your_tenant_id_test_1"
                            >
                              <div
                                style={
                                  Object {
                                    "alignItems": "center",
                                    "display": "flex",
                                    "flexDirection": "row",
                                  }
                                }
                              >
                                <div
                                  style={
                                    Object {
                                      "justifySelf": "flex-end",
                                      "margin": "1em",
                                      "width": "35%",
                                    }
                                  }
                                >
                                  <EuiTextAlign
                                    textAlign="right"
                                  >
                                    <div
                                      className="euiTextAlign euiTextAlign--right"
                                    >
                                      Tenant Id
                                    </div>
                                  </EuiTextAlign>
                                </div>
                                <div
                                  style={
                                    Object {
                                      "width": "65%",
                                    }
                                  }
                                >
                                  <EuiFieldText
                                    data-testid="tenant-id"
                                    readOnly={true}
                                    value="your_tenant_id_test_1"
                                  >
                                    <EuiFormControlLayout
                                      fullWidth={false}
                                      readOnly={true}
                                    >
                                      <div
                                        className="euiFormControlLayout euiFormControlLayout--readOnly"
                                      >
                                        <div
                                          className="euiFormControlLayout__childrenWrapper"
                                        >
                                          <EuiValidatableControl>
                                            <input
                                              className="euiFieldText"
                                              data-testid="tenant-id"
                                              readOnly={true}
                                              type="text"
                                              value="your_tenant_id_test_1"
                                            />
                                          </EuiValidatableControl>
                                          <EuiFormControlLayoutIcons />
                                        </div>
                                      </div>
                                    </EuiFormControlLayout>
                                  </EuiFieldText>
                                </div>
                              </div>
                              <EuiSpacer
                                size="s"
                              >
                                <div
                                  className="euiSpacer euiSpacer--s"
                                />
                              </EuiSpacer>
                            </WzConfigurationSetting>
                            <WzConfigurationSetting
                              key="-Client Id-undefined-1"
                              keyItem="-Client Id-undefined-1"
                              label="Client Id"
                              value="your_client_id_test_1"
                            >
                              <div
                                style={
                                  Object {
                                    "alignItems": "center",
                                    "display": "flex",
                                    "flexDirection": "row",
                                  }
                                }
                              >
                                <div
                                  style={
                                    Object {
                                      "justifySelf": "flex-end",
                                      "margin": "1em",
                                      "width": "35%",
                                    }
                                  }
                                >
                                  <EuiTextAlign
                                    textAlign="right"
                                  >
                                    <div
                                      className="euiTextAlign euiTextAlign--right"
                                    >
                                      Client Id
                                    </div>
                                  </EuiTextAlign>
                                </div>
                                <div
                                  style={
                                    Object {
                                      "width": "65%",
                                    }
                                  }
                                >
                                  <EuiFieldText
                                    data-testid="client-id"
                                    readOnly={true}
                                    value="your_client_id_test_1"
                                  >
                                    <EuiFormControlLayout
                                      fullWidth={false}
                                      readOnly={true}
                                    >
                                      <div
                                        className="euiFormControlLayout euiFormControlLayout--readOnly"
                                      >
                                        <div
                                          className="euiFormControlLayout__childrenWrapper"
                                        >
                                          <EuiValidatableControl>
                                            <input
                                              className="euiFieldText"
                                              data-testid="client-id"
                                              readOnly={true}
                                              type="text"
                                              value="your_client_id_test_1"
                                            />
                                          </EuiValidatableControl>
                                          <EuiFormControlLayoutIcons />
                                        </div>
                                      </div>
                                    </EuiFormControlLayout>
                                  </EuiFieldText>
                                </div>
                              </div>
                              <EuiSpacer
                                size="s"
                              >
                                <div
                                  className="euiSpacer euiSpacer--s"
                                />
                              </EuiSpacer>
                            </WzConfigurationSetting>
                            <WzConfigurationSetting
                              key="-Client Secret-undefined-2"
                              keyItem="-Client Secret-undefined-2"
                              label="Client Secret"
                              value="your_secret_test_1"
                            >
                              <div
                                style={
                                  Object {
                                    "alignItems": "center",
                                    "display": "flex",
                                    "flexDirection": "row",
                                  }
                                }
                              >
                                <div
                                  style={
                                    Object {
                                      "justifySelf": "flex-end",
                                      "margin": "1em",
                                      "width": "35%",
                                    }
                                  }
                                >
                                  <EuiTextAlign
                                    textAlign="right"
                                  >
                                    <div
                                      className="euiTextAlign euiTextAlign--right"
                                    >
                                      Client Secret
                                    </div>
                                  </EuiTextAlign>
                                </div>
                                <div
                                  style={
                                    Object {
                                      "width": "65%",
                                    }
                                  }
                                >
                                  <EuiFieldText
                                    data-testid="client-secret"
                                    readOnly={true}
                                    value="your_secret_test_1"
                                  >
                                    <EuiFormControlLayout
                                      fullWidth={false}
                                      readOnly={true}
                                    >
                                      <div
                                        className="euiFormControlLayout euiFormControlLayout--readOnly"
                                      >
                                        <div
                                          className="euiFormControlLayout__childrenWrapper"
                                        >
                                          <EuiValidatableControl>
                                            <input
                                              className="euiFieldText"
                                              data-testid="client-secret"
                                              readOnly={true}
                                              type="text"
                                              value="your_secret_test_1"
                                            />
                                          </EuiValidatableControl>
                                          <EuiFormControlLayoutIcons />
                                        </div>
                                      </div>
                                    </EuiFormControlLayout>
                                  </EuiFieldText>
                                </div>
                              </div>
                              <EuiSpacer
                                size="s"
                              >
                                <div
                                  className="euiSpacer euiSpacer--s"
                                />
                              </EuiSpacer>
                            </WzConfigurationSetting>
                            <WzConfigurationSetting
                              key="-Client Secret Path-undefined-3"
                              keyItem="-Client Secret Path-undefined-3"
                              label="Client Secret Path"
                            />
                          </div>
                        </EuiFlexItem>
                      </div>
                    </EuiFlexGroup>
                  </WzSettingsGroup>
                </div>
              </EuiPanel>
            </div>
          </EuiFlexItem>
        </div>
      </EuiFlexGroup>
    </WzConfigurationSettingsListSelector>
  </WzConfigurationSettingsHeader>
</ApiAuthTab>
`;
