// Jest Snapshot v1, https://goo.gl/fbAQLP

exports[`FieldForm component renders correctly to match the snapshot 1`] = `
<FieldForm
  item={
    Object {
      "category": 1,
      "description": "string",
      "key": "custom.setting",
      "name": "Custom setting",
      "type": "text",
    }
  }
  setUpdatedConfig={[MockFunction]}
  updatedConfig={Object {}}
  value=""
>
  <TextForm
    item={
      Object {
        "category": 1,
        "description": "string",
        "key": "custom.setting",
        "name": "Custom setting",
        "type": "text",
      }
    }
    setUpdatedConfig={[MockFunction]}
    updatedConfig={Object {}}
    value=""
  >
    <EuiFieldText
      fullWidth={true}
      onChange={[Function]}
      value=""
    >
      <EuiFormControlLayout
        fullWidth={true}
      >
        <div
          className="euiFormControlLayout euiFormControlLayout--fullWidth"
        >
          <div
            className="euiFormControlLayout__childrenWrapper"
          >
            <EuiValidatableControl>
              <input
                className="euiFieldText euiFieldText--fullWidth"
                onChange={[Function]}
                type="text"
                value=""
              />
            </EuiValidatableControl>
            <EuiFormControlLayoutIcons />
          </div>
        </div>
      </EuiFormControlLayout>
    </EuiFieldText>
  </TextForm>
</FieldForm>
`;
