// Jest Snapshot v1, https://goo.gl/fbAQLP

exports[`SettingsAboutGeneralInfo component should render a component 1`] = `
<div>
  <div
    class="euiFlexGroup euiFlexGroup--gutterLarge euiFlexGroup--directionRow euiFlexGroup--responsive"
  >
    <div
      class="euiFlexItem"
    >
      <div
        class="euiPanel euiPanel--paddingLarge euiPanel--borderRadiusMedium euiPanel--plain euiPanel--hasShadow"
      >
        <h2
          class="euiTitle euiTitle--medium"
        >
          Welcome to the dashboard
        </h2>
        <div
          class="euiSpacer euiSpacer--l"
        />
        <div
          class="euiText euiText--medium"
        >
          <p>
            Dashboard provides management and monitoring capabilities, giving users control over the infrastructure. You can monitor your agents status and configuration, query and visualize your alert data and monitor manager rules and configuration.
          </p>
        </div>
      </div>
    </div>
    <div
      class="euiFlexItem"
    >
      <div
        class="euiPanel euiPanel--paddingLarge euiPanel--borderRadiusMedium euiPanel--plain euiPanel--hasShadow"
      >
        <h2
          class="euiTitle euiTitle--medium"
        >
          Community
        </h2>
        <div
          class="euiSpacer euiSpacer--l"
        />
        <div>
          <div
            class="euiText euiText--medium"
          >
            <p>
              Enjoy your experience and please don't hesitate to give us your feedback.
            </p>
          </div>
          <div
            class="euiSpacer euiSpacer--l"
          />
          <div
            class="euiFlexGroup euiFlexGroup--gutterExtraLarge euiFlexGroup--alignItemsCenter euiFlexGroup--justifyContentCenter euiFlexGroup--directionRow"
          >
            <div
              class="euiFlexItem euiFlexItem--flexGrowZero"
            >
              <a
                aria-label="Slack"
                class="euiButtonIcon euiButtonIcon--primary euiButtonIcon--empty euiButtonIcon--xSmall"
                href="https://wazuh.com/community/join-us-on-slack/"
                rel="noopener noreferrer"
                target="_blank"
              >
                <span
                  aria-hidden="true"
                  class="euiButtonIcon__icon"
                  color="inherit"
                  data-euiicon-type="logoSlack"
                />
              </a>
            </div>
            <div
              class="euiFlexItem euiFlexItem--flexGrowZero"
            >
              <a
                aria-label="Google Groups"
                class="euiButtonIcon euiButtonIcon--primary euiButtonIcon--empty euiButtonIcon--xSmall"
                href="https://groups.google.com/forum/#!forum/wazuh"
                rel="noopener noreferrer"
                target="_blank"
              >
                <span
                  aria-hidden="true"
                  class="euiButtonIcon__icon"
                  color="inherit"
                  data-euiicon-type="<svg></svg>"
                />
              </a>
            </div>
            <div
              class="euiFlexItem euiFlexItem--flexGrowZero"
            >
              <a
                aria-label="Github"
                class="euiButtonIcon euiButtonIcon--primary euiButtonIcon--empty euiButtonIcon--xSmall"
                href="https://github.com/wazuh/wazuh-kibana-app"
                rel="noopener noreferrer"
                target="_blank"
              >
                <span
                  aria-hidden="true"
                  class="euiButtonIcon__icon"
                  color="inherit"
                  data-euiicon-type="logoGithub"
                />
              </a>
            </div>
          </div>
        </div>
      </div>
    </div>
  </div>
</div>
`;
