// Jest Snapshot v1, https://goo.gl/fbAQLP

exports[`Overview stats should render a Overview stats screen 1`] = `
<EuiPage>
  <EuiFlexGroup>
    <EuiFlexItem />
    <EuiFlexItem>
      <EuiStat
        description="Total agents"
        textAlign="center"
        title={
          <EuiToolTip
            content="Go to all agents"
            delay="regular"
            position="top"
          >
            <span
              className="statWithLink"
              data-test-subj="spanTotalAgents"
              onClick={[Function]}
              style={
                Object {
                  "cursor": "pointer",
                }
              }
            >
              -
            </span>
          </EuiToolTip>
        }
        titleColor="primary"
      />
    </EuiFlexItem>
    <EuiFlexItem>
      <EuiStat
        description="Active agents"
        textAlign="center"
        title={
          <EuiToolTip
            content="Go to active agents"
            delay="regular"
            position="top"
          >
            <span
              className="statWithLink"
              data-test-subj="spanActiveAgents"
              onClick={[Function]}
              style={
                Object {
                  "cursor": "pointer",
                }
              }
            >
              -
            </span>
          </EuiToolTip>
        }
        titleColor="secondary"
      />
    </EuiFlexItem>
    <EuiFlexItem>
      <EuiStat
        description="Disconnected agents"
        textAlign="center"
        title={
          <EuiToolTip
            content="Go to disconnected agents"
            delay="regular"
            position="top"
          >
            <span
              className="statWithLink"
              data-test-subj="spanDisconnectedAgents"
              onClick={[Function]}
              style={
                Object {
                  "cursor": "pointer",
                }
              }
            >
              -
            </span>
          </EuiToolTip>
        }
        titleColor="danger"
      />
    </EuiFlexItem>
    <EuiFlexItem>
      <EuiStat
        description="Never connected agents"
        textAlign="center"
        title={
          <EuiToolTip
            content="Go to never connected agents"
            delay="regular"
            position="top"
          >
            <span
              className="statWithLink"
              data-test-subj="spanNeverConnectedAgents"
              onClick={[Function]}
              style={
                Object {
                  "cursor": "pointer",
                }
              }
            >
              -
            </span>
          </EuiToolTip>
        }
        titleColor="subdued"
      />
    </EuiFlexItem>
    <EuiFlexItem />
  </EuiFlexGroup>
</EuiPage>
`;
