// Jest Snapshot v1, https://goo.gl/fbAQLP

exports[`SubscriptionTab component renders correctly to match the snapshot 1`] = `
<SubscriptionTab
  agent={
    Object {
      "id": "000",
    }
  }
  wodleConfiguration={
    Object {
      "office365": Object {
        "api_auth": Array [
          Object {
            "client_id": "your_client_id_test",
            "client_secret": "your_secret_test",
            "tenant_id": "your_tenant_id_test",
          },
        ],
        "curl_max_size": 1024,
        "enabled": "yes",
        "interval": 600,
        "only_future_events": "yes",
        "subscriptions": Array [
          "Audit.AzureActiveDirectory",
          "Audit.Exchange",
          "Audit.SharePoint",
          "Audit.General",
          "DLP.All",
        ],
      },
    }
  }
>
  <WzConfigurationSettingsTabSelector
    currentConfig={
      Object {
        "office365": Object {
          "api_auth": Array [
            Object {
              "client_id": "your_client_id_test",
              "client_secret": "your_secret_test",
              "tenant_id": "your_tenant_id_test",
            },
          ],
          "curl_max_size": 1024,
          "enabled": "yes",
          "interval": 600,
          "only_future_events": "yes",
          "subscriptions": Array [
            "Audit.AzureActiveDirectory",
            "Audit.Exchange",
            "Audit.SharePoint",
            "Audit.General",
            "DLP.All",
          ],
        },
      }
    }
    helpLinks={
      Array [
        Object {
          "href": "https://documentation.wazuh.com/4.5/office365/index.html",
          "text": "Using Wazuh to monitor Office 365",
        },
        Object {
          "href": "https://documentation.wazuh.com/4.5/user-manual/reference/ossec-conf/office365-module.html",
          "text": "Configuration options for the module",
        },
      ]
    }
    minusHeight={370}
    title="Subscriptions list"
  >
    <WzConfigurationSettingsHeader
      help={
        Array [
          Object {
            "href": "https://documentation.wazuh.com/4.5/office365/index.html",
            "text": "Using Wazuh to monitor Office 365",
          },
          Object {
            "href": "https://documentation.wazuh.com/4.5/user-manual/reference/ossec-conf/office365-module.html",
            "text": "Configuration options for the module",
          },
        ]
      }
      json={[Function]}
      settings={[Function]}
      title="Subscriptions list"
      viewSelected=""
      xml={[Function]}
    >
      <EuiFlexGroup
        alignItems="center"
      >
        <div
          className="euiFlexGroup euiFlexGroup--gutterLarge euiFlexGroup--alignItemsCenter euiFlexGroup--directionRow euiFlexGroup--responsive"
        >
          <EuiFlexItem>
            <div
              className="euiFlexItem"
            >
              <EuiTitle
                size="s"
              >
                <h2
                  className="euiTitle euiTitle--small"
                >
                  Subscriptions list
                </h2>
              </EuiTitle>
            </div>
          </EuiFlexItem>
          <EuiFlexItem
            grow={false}
          >
            <div
              className="euiFlexItem euiFlexItem--flexGrowZero"
            >
              <EuiFlexGroup
                alignItems="center"
                gutterSize="none"
                justifyContent="flexEnd"
              >
                <div
                  className="euiFlexGroup euiFlexGroup--alignItemsCenter euiFlexGroup--justifyContentFlexEnd euiFlexGroup--directionRow euiFlexGroup--responsive"
                >
                  <span
                    style={
                      Object {
                        "marginRight": "6px",
                      }
                    }
                  >
                    <ButtonLink
                      onClick={[Function]}
                      text="SETTINGS"
                      view=""
                      viewSelected=""
                    >
                      <EuiFlexItem>
                        <div
                          className="euiFlexItem"
                        >
                          <EuiLink
                            onClick={[Function]}
                            style={
                              Object {
                                "textDecoration": "underline",
                              }
                            }
                          >
                            <button
                              className="euiLink euiLink--primary"
                              disabled={false}
                              onClick={[Function]}
                              style={
                                Object {
                                  "textDecoration": "underline",
                                }
                              }
                              type="button"
                            >
                              SETTINGS
                            </button>
                          </EuiLink>
                        </div>
                      </EuiFlexItem>
                    </ButtonLink>
                  </span>
                  <span
                    style={
                      Object {
                        "marginRight": "6px",
                      }
                    }
                  >
                    <ButtonLink
                      onClick={[Function]}
                      text="JSON"
                      view="json"
                      viewSelected=""
                    >
                      <EuiFlexItem>
                        <div
                          className="euiFlexItem"
                        >
                          <EuiLink
                            onClick={[Function]}
                            style={Object {}}
                          >
                            <button
                              className="euiLink euiLink--primary"
                              disabled={false}
                              onClick={[Function]}
                              style={Object {}}
                              type="button"
                            >
                              JSON
                            </button>
                          </EuiLink>
                        </div>
                      </EuiFlexItem>
                    </ButtonLink>
                  </span>
                  <span>
                    <ButtonLink
                      onClick={[Function]}
                      text="XML"
                      view="xml"
                      viewSelected=""
                    >
                      <EuiFlexItem>
                        <div
                          className="euiFlexItem"
                        >
                          <EuiLink
                            onClick={[Function]}
                            style={Object {}}
                          >
                            <button
                              className="euiLink euiLink--primary"
                              disabled={false}
                              onClick={[Function]}
                              style={Object {}}
                              type="button"
                            >
                              XML
                            </button>
                          </EuiLink>
                        </div>
                      </EuiFlexItem>
                    </ButtonLink>
                  </span>
                  <span>
                    <WzHelpButtonPopover
                      links={
                        Array [
                          Object {
                            "href": "https://documentation.wazuh.com/4.5/office365/index.html",
                            "text": "Using Wazuh to monitor Office 365",
                          },
                          Object {
                            "href": "https://documentation.wazuh.com/4.5/user-manual/reference/ossec-conf/office365-module.html",
                            "text": "Configuration options for the module",
                          },
                        ]
                      }
                    >
                      <EuiPopover
                        anchorPosition="downCenter"
                        button={
                          <EuiButtonEmpty
                            iconSide="left"
                            iconType="questionInCircle"
                            onClick={[Function]}
                          />
                        }
                        closePopover={[Function]}
                        display="inlineBlock"
                        hasArrow={true}
                        id="show-help"
                        isOpen={false}
                        ownFocus={false}
                        panelPaddingSize="m"
                      >
                        <EuiOutsideClickDetector
                          isDisabled={true}
                          onOutsideClick={[Function]}
                        >
                          <div
                            className="euiPopover euiPopover--anchorDownCenter"
                            id="show-help"
                            onKeyDown={[Function]}
                            onMouseDown={[Function]}
                            onMouseUp={[Function]}
                            onTouchEnd={[Function]}
                            onTouchStart={[Function]}
                          >
                            <div
                              className="euiPopover__anchor"
                            >
                              <EuiButtonEmpty
                                iconSide="left"
                                iconType="questionInCircle"
                                onClick={[Function]}
                              >
                                <button
                                  className="euiButtonEmpty euiButtonEmpty--primary"
                                  disabled={false}
                                  onClick={[Function]}
                                  type="button"
                                >
                                  <EuiButtonContent
                                    className="euiButtonEmpty__content"
                                    iconSide="left"
                                    iconType="questionInCircle"
                                    textProps={
                                      Object {
                                        "className": "euiButtonEmpty__text",
                                      }
                                    }
                                  >
                                    <span
                                      className="euiButtonContent euiButtonEmpty__content"
                                    >
                                      <EuiIcon
                                        className="euiButtonContent__icon"
                                        size="m"
                                        type="questionInCircle"
                                      >
                                        <EuiIconEmpty
                                          aria-hidden={true}
                                          className="euiIcon euiIcon--medium euiIcon-isLoading euiButtonContent__icon"
                                          focusable="false"
                                          role="img"
                                          style={null}
                                        >
                                          <svg
                                            aria-hidden={true}
                                            className="euiIcon euiIcon--medium euiIcon-isLoading euiButtonContent__icon"
                                            focusable="false"
                                            height={16}
                                            role="img"
                                            style={null}
                                            viewBox="0 0 16 16"
                                            width={16}
                                            xmlns="http://www.w3.org/2000/svg"
                                          />
                                        </EuiIconEmpty>
                                      </EuiIcon>
                                      <span
                                        className="euiButtonEmpty__text"
                                      />
                                    </span>
                                  </EuiButtonContent>
                                </button>
                              </EuiButtonEmpty>
                            </div>
                          </div>
                        </EuiOutsideClickDetector>
                      </EuiPopover>
                    </WzHelpButtonPopover>
                  </span>
                </div>
              </EuiFlexGroup>
            </div>
          </EuiFlexItem>
        </div>
      </EuiFlexGroup>
      <EuiSpacer
        size="xs"
      >
        <div
          className="euiSpacer euiSpacer--xs"
        />
      </EuiSpacer>
      <EuiHorizontalRule
        margin="none"
        style={
          Object {
            "marginBottom": 16,
          }
        }
      >
        <hr
          className="euiHorizontalRule euiHorizontalRule--full"
          style={
            Object {
              "marginBottom": 16,
            }
          }
        />
      </EuiHorizontalRule>
    </WzConfigurationSettingsHeader>
    <WzViewSelector
      view=""
    >
      <WzViewSelectorSwitch
        default={true}
      >
        <EuiBasicTable
          columns={
            Array [
              Object {
                "field": "subscription",
                "name": "Name",
              },
            ]
          }
          items={
            Array [
              Object {
                "subscription": "Audit.AzureActiveDirectory",
              },
              Object {
                "subscription": "Audit.Exchange",
              },
              Object {
                "subscription": "Audit.SharePoint",
              },
              Object {
                "subscription": "Audit.General",
              },
              Object {
                "subscription": "DLP.All",
              },
            ]
          }
          noItemsMessage="No items found"
          responsive={true}
          tableLayout="fixed"
        >
          <div
            className="euiBasicTable"
          >
            <div>
              <EuiTableHeaderMobile>
                <div
                  className="euiTableHeaderMobile"
                >
                  <EuiFlexGroup
                    alignItems="baseline"
                    justifyContent="spaceBetween"
                    responsive={false}
                  >
                    <div
                      className="euiFlexGroup euiFlexGroup--gutterLarge euiFlexGroup--alignItemsBaseline euiFlexGroup--justifyContentSpaceBetween euiFlexGroup--directionRow"
                    >
                      <EuiFlexItem
                        grow={false}
                      >
                        <div
                          className="euiFlexItem euiFlexItem--flexGrowZero"
                        />
                      </EuiFlexItem>
                      <EuiFlexItem
                        grow={false}
                      >
                        <div
                          className="euiFlexItem euiFlexItem--flexGrowZero"
                        />
                      </EuiFlexItem>
                    </div>
                  </EuiFlexGroup>
                </div>
              </EuiTableHeaderMobile>
              <EuiTable
                id="htmlId"
                responsive={true}
                tableLayout="fixed"
              >
                <table
                  className="euiTable euiTable--responsive"
                  id="htmlId"
                  tabIndex={-1}
                >
                  <EuiScreenReaderOnly>
                    <caption
                      className="euiScreenReaderOnly euiTableCaption"
                    >
                      <EuiDelayRender
                        delay={500}
                      />
                    </caption>
                  </EuiScreenReaderOnly>
                  <EuiTableHeader>
                    <thead>
                      <tr>
                        <EuiTableHeaderCell
                          align="left"
                          data-test-subj="tableHeaderCell_subscription_0"
                          key="_data_h_subscription_0"
                        >
                          <th
                            className="euiTableHeaderCell"
                            data-test-subj="tableHeaderCell_subscription_0"
                            role="columnheader"
                            scope="col"
                            style={
                              Object {
                                "width": undefined,
                              }
                            }
                          >
                            <div
                              className="euiTableCellContent"
                            >
                              <EuiInnerText>
                                <span
                                  className="euiTableCellContent__text"
                                  title="Name"
                                >
                                  Name
                                </span>
                              </EuiInnerText>
                            </div>
                          </th>
                        </EuiTableHeaderCell>
                      </tr>
                    </thead>
                  </EuiTableHeader>
                  <EuiTableBody
                    bodyRef={[Function]}
                  >
                    <tbody>
                      <EuiTableRow
                        isSelected={false}
                      >
                        <tr
                          className="euiTableRow"
                        >
                          <EuiTableRowCell
                            align="left"
                            key="_data_column_subscription_0_0"
                            mobileOptions={
                              Object {
                                "header": "Name",
                                "render": undefined,
                              }
                            }
                            setScopeRow={false}
                            textOnly={true}
                          >
                            <td
                              className="euiTableRowCell"
                              style={
                                Object {
                                  "width": undefined,
                                }
                              }
                            >
                              <div
                                className="euiTableRowCell__mobileHeader euiTableRowCell--hideForDesktop"
                              >
                                Name
                              </div>
                              <div
                                className="euiTableCellContent"
                              >
                                <span
                                  className="euiTableCellContent__text"
                                >
                                  Audit.AzureActiveDirectory
                                </span>
                              </div>
                            </td>
                          </EuiTableRowCell>
                        </tr>
                      </EuiTableRow>
                      <EuiTableRow
                        isSelected={false}
                      >
                        <tr
                          className="euiTableRow"
                        >
                          <EuiTableRowCell
                            align="left"
                            key="_data_column_subscription_1_0"
                            mobileOptions={
                              Object {
                                "header": "Name",
                                "render": undefined,
                              }
                            }
                            setScopeRow={false}
                            textOnly={true}
                          >
                            <td
                              className="euiTableRowCell"
                              style={
                                Object {
                                  "width": undefined,
                                }
                              }
                            >
                              <div
                                className="euiTableRowCell__mobileHeader euiTableRowCell--hideForDesktop"
                              >
                                Name
                              </div>
                              <div
                                className="euiTableCellContent"
                              >
                                <span
                                  className="euiTableCellContent__text"
                                >
                                  Audit.Exchange
                                </span>
                              </div>
                            </td>
                          </EuiTableRowCell>
                        </tr>
                      </EuiTableRow>
                      <EuiTableRow
                        isSelected={false}
                      >
                        <tr
                          className="euiTableRow"
                        >
                          <EuiTableRowCell
                            align="left"
                            key="_data_column_subscription_2_0"
                            mobileOptions={
                              Object {
                                "header": "Name",
                                "render": undefined,
                              }
                            }
                            setScopeRow={false}
                            textOnly={true}
                          >
                            <td
                              className="euiTableRowCell"
                              style={
                                Object {
                                  "width": undefined,
                                }
                              }
                            >
                              <div
                                className="euiTableRowCell__mobileHeader euiTableRowCell--hideForDesktop"
                              >
                                Name
                              </div>
                              <div
                                className="euiTableCellContent"
                              >
                                <span
                                  className="euiTableCellContent__text"
                                >
                                  Audit.SharePoint
                                </span>
                              </div>
                            </td>
                          </EuiTableRowCell>
                        </tr>
                      </EuiTableRow>
                      <EuiTableRow
                        isSelected={false}
                      >
                        <tr
                          className="euiTableRow"
                        >
                          <EuiTableRowCell
                            align="left"
                            key="_data_column_subscription_3_0"
                            mobileOptions={
                              Object {
                                "header": "Name",
                                "render": undefined,
                              }
                            }
                            setScopeRow={false}
                            textOnly={true}
                          >
                            <td
                              className="euiTableRowCell"
                              style={
                                Object {
                                  "width": undefined,
                                }
                              }
                            >
                              <div
                                className="euiTableRowCell__mobileHeader euiTableRowCell--hideForDesktop"
                              >
                                Name
                              </div>
                              <div
                                className="euiTableCellContent"
                              >
                                <span
                                  className="euiTableCellContent__text"
                                >
                                  Audit.General
                                </span>
                              </div>
                            </td>
                          </EuiTableRowCell>
                        </tr>
                      </EuiTableRow>
                      <EuiTableRow
                        isSelected={false}
                      >
                        <tr
                          className="euiTableRow"
                        >
                          <EuiTableRowCell
                            align="left"
                            key="_data_column_subscription_4_0"
                            mobileOptions={
                              Object {
                                "header": "Name",
                                "render": undefined,
                              }
                            }
                            setScopeRow={false}
                            textOnly={true}
                          >
                            <td
                              className="euiTableRowCell"
                              style={
                                Object {
                                  "width": undefined,
                                }
                              }
                            >
                              <div
                                className="euiTableRowCell__mobileHeader euiTableRowCell--hideForDesktop"
                              >
                                Name
                              </div>
                              <div
                                className="euiTableCellContent"
                              >
                                <span
                                  className="euiTableCellContent__text"
                                >
                                  DLP.All
                                </span>
                              </div>
                            </td>
                          </EuiTableRowCell>
                        </tr>
                      </EuiTableRow>
                    </tbody>
                  </EuiTableBody>
                </table>
              </EuiTable>
            </div>
          </div>
        </EuiBasicTable>
      </WzViewSelectorSwitch>
    </WzViewSelector>
  </WzConfigurationSettingsTabSelector>
</SubscriptionTab>
`;
