// Jest Snapshot v1, https://goo.gl/fbAQLP

exports[`ApisUpdateTable component should return the ApisUpdateTable component 1`] = `
<div>
  <div
    class="euiBasicTable"
  >
    <div>
      <div
        class="euiTableHeaderMobile"
      >
        <div
          class="euiFlexGroup euiFlexGroup--gutterLarge euiFlexGroup--alignItemsBaseline euiFlexGroup--justifyContentSpaceBetween euiFlexGroup--directionRow"
        >
          <div
            class="euiFlexItem euiFlexItem--flexGrowZero"
          />
          <div
            class="euiFlexItem euiFlexItem--flexGrowZero"
          />
        </div>
      </div>
      <table
        class="euiTable euiTable--responsive euiTable--auto"
        id="htmlId"
        tabindex="-1"
      >
        <caption
          class="euiScreenReaderOnly euiTableCaption"
        />
        <thead>
          <tr>
            <th
              class="euiTableHeaderCell"
              data-test-subj="tableHeaderCell_api_id_0"
              role="columnheader"
              scope="col"
              style="width: 100px;"
            >
              <span
                class="euiTableCellContent"
              >
                <span
                  class="euiTableCellContent__text"
                  title="ID"
                >
                  ID
                </span>
              </span>
            </th>
            <th
              class="euiTableHeaderCell"
              data-test-subj="tableHeaderCell_current_version_1"
              role="columnheader"
              scope="col"
              style="width: 100px;"
            >
              <span
                class="euiTableCellContent"
              >
                <span
                  class="euiTableCellContent__text"
                  title="Version"
                >
                  Version
                </span>
              </span>
            </th>
            <th
              class="euiTableHeaderCell"
              data-test-subj="tableHeaderCell_status_2"
              role="columnheader"
              scope="col"
              style="width: 200px;"
            >
              <span
                class="euiTableCellContent"
              >
                <span
                  class="euiTableCellContent__text"
                  title="Update status"
                >
                  Update status
                </span>
              </span>
            </th>
            <th
              class="euiTableHeaderCell"
              data-test-subj="tableHeaderCell_last_available_major_3"
              role="columnheader"
              scope="col"
              style="width: 200px;"
            >
              <span
                class="euiTableCellContent"
              >
                <span
                  class="euiTableCellContent__text"
                  title="Last major"
                >
                  Last major
                </span>
              </span>
            </th>
            <th
              class="euiTableHeaderCell"
              data-test-subj="tableHeaderCell_last_available_minor_4"
              role="columnheader"
              scope="col"
              style="width: 200px;"
            >
              <span
                class="euiTableCellContent"
              >
                <span
                  class="euiTableCellContent__text"
                  title="Last minor"
                >
                  Last minor
                </span>
              </span>
            </th>
            <th
              class="euiTableHeaderCell"
              data-test-subj="tableHeaderCell_last_available_patch_5"
              role="columnheader"
              scope="col"
              style="width: 200px;"
            >
              <span
                class="euiTableCellContent"
              >
                <span
                  class="euiTableCellContent__text"
                  title="Last patch"
                >
                  Last patch
                </span>
              </span>
            </th>
          </tr>
        </thead>
        <tbody>
          <tr
            class="euiTableRow"
          >
            <td
              class="euiTableRowCell"
              style="width: 100px;"
            >
              <div
                class="euiTableRowCell__mobileHeader euiTableRowCell--hideForDesktop"
              >
                ID
              </div>
              <div
                class="euiTableCellContent"
              >
                <span
                  class="euiTableCellContent__text"
                >
                  api id
                </span>
              </div>
            </td>
            <td
              class="euiTableRowCell"
              style="width: 100px;"
            >
              <div
                class="euiTableRowCell__mobileHeader euiTableRowCell--hideForDesktop"
              >
                Version
              </div>
              <div
                class="euiTableCellContent"
              >
                <span
                  class="euiTableCellContent__text"
                >
                  4.3.1
                </span>
              </div>
            </td>
            <td
              class="euiTableRowCell"
              style="width: 200px;"
            >
              <div
                class="euiTableRowCell__mobileHeader euiTableRowCell--hideForDesktop"
              >
                Update status
              </div>
              <div
                class="euiTableCellContent euiTableCellContent--overflowingContent"
              >
                <div
                  class="euiHealth euiHealth--textSizeS"
                >
                  <div
                    class="euiFlexGroup euiFlexGroup--gutterExtraSmall euiFlexGroup--alignItemsCenter euiFlexGroup--directionRow"
                  >
                    <div
                      class="euiFlexItem euiFlexItem--flexGrowZero"
                    >
                      <svg
                        aria-hidden="true"
                        class="euiIcon euiIcon--medium euiIcon--warning euiIcon-isLoading"
                        focusable="false"
                        height="16"
                        role="img"
                        viewBox="0 0 16 16"
                        width="16"
                        xmlns="http://www.w3.org/2000/svg"
                      />
                    </div>
                    <div
                      class="euiFlexItem euiFlexItem--flexGrowZero"
                    >
                      Available updates
                    </div>
                  </div>
                </div>
              </div>
            </td>
            <td
              class="euiTableRowCell"
              style="width: 200px;"
            >
              <div
                class="euiTableRowCell__mobileHeader euiTableRowCell--hideForDesktop"
              >
                Last major
              </div>
              <div
                class="euiTableCellContent euiTableCellContent--overflowingContent"
              />
            </td>
            <td
              class="euiTableRowCell"
              style="width: 200px;"
            >
              <div
                class="euiTableRowCell__mobileHeader euiTableRowCell--hideForDesktop"
              >
                Last minor
              </div>
              <div
                class="euiTableCellContent euiTableCellContent--overflowingContent"
              />
            </td>
            <td
              class="euiTableRowCell"
              style="width: 200px;"
            >
              <div
                class="euiTableRowCell__mobileHeader euiTableRowCell--hideForDesktop"
              >
                Last patch
              </div>
              <div
                class="euiTableCellContent euiTableCellContent--overflowingContent"
              >
                <button
                  aria-label="update-v4.3.8"
                  class="euiBadge euiBadge-isClickable euiBadge--hollow euiBadge--iconLeft"
                  style="max-width: max-content;"
                  title="v4.3.8"
                >
                  <span
                    class="euiBadge__content"
                  >
                    <span
                      class="euiBadge__text"
                    >
                      v4.3.8
                    </span>
                  </span>
                </button>
              </div>
            </td>
          </tr>
        </tbody>
      </table>
    </div>
  </div>
</div>
`;
