// Jest Snapshot v1, https://goo.gl/fbAQLP

exports[`Module Mitre Att&ck intelligence container should render permissions prompt when no has permissions 1`] = `
<div
  class="euiEmptyPrompt"
>
  <span
    color="subdued"
    data-euiicon-type="securityApp"
  />
  <div
    class="euiSpacer euiSpacer--m"
  />
  <h2
    class="euiTitle euiTitle--medium"
  >
    You have no permissions
  </h2>
  <span
    class="euiTextColor euiTextColor--subdued"
  >
    <div
      class="euiSpacer euiSpacer--m"
    />
    <div
      class="euiText euiText--medium"
    >
      <div>
        This section requires the permission:
        <div>
          <div>
            - 
            <strong>
              mitre:read
            </strong>
             (
            <span
              style="text-decoration:underline"
            >
              *:*:*
            </span>
            )
          </div>
        </div>
      </div>
    </div>
  </span>
</div>
`;

exports[`Module Mitre Att&ck intelligence container should render the component if has permissions 1`] = `
<div
  class="euiPanel euiPanel--paddingSmall euiPanel--borderRadiusMedium euiPanel--transparent euiPanel--noShadow euiPanel--noBorder"
>
  <div
    class="euiPanel euiPanel--borderRadiusMedium euiPanel--plain euiPanel--hasShadow"
  >
    <div
      class="euiFlexGroup euiFlexGroup--gutterLarge euiFlexGroup--directionRow euiFlexGroup--responsive"
      style="margin:0"
    >
      <div
        class="euiFlexItem euiFlexItem--flexGrowZero"
        style="background-color:#80808014;margin:0;width:15%;min-width:145px;overflow-x:hidden"
      >
        <div
          style="padding:10px"
        >
          <div
            class="euiFormControlLayout euiFormControlLayout--fullWidth"
          >
            <div
              class="euiFormControlLayout__childrenWrapper"
            >
              <input
                aria-label="Search in all resources"
                class="euiFieldSearch euiFieldSearch--fullWidth"
                placeholder="Search in all resources"
                type="search"
                value=""
              />
              <div
                class="euiFormControlLayoutIcons"
              >
                <span
                  class="euiFormControlLayoutCustomIcon"
                >
                  <span
                    aria-hidden="true"
                    class="euiFormControlLayoutCustomIcon__icon"
                    data-euiicon-type="search"
                  />
                </span>
              </div>
            </div>
          </div>
        </div>
        <button
          class="moduleMitreAttackIntelligenceResourceButton moduleMitreAttackIntelligenceResourceButton--selected "
        >
          Groups
        </button>
        <button
          class="moduleMitreAttackIntelligenceResourceButton  "
        >
          Mitigations
        </button>
        <button
          class="moduleMitreAttackIntelligenceResourceButton  "
        >
          Software
        </button>
        <button
          class="moduleMitreAttackIntelligenceResourceButton  "
        >
          Tactics
        </button>
        <button
          class="moduleMitreAttackIntelligenceResourceButton  "
        >
          Techniques
        </button>
      </div>
      <div
        class="euiFlexItem"
        style="max-height:calc(100vh - 255px);overflow-y:auto;overflow-x:hidden"
      >
        <div
          class="euiFlexGroup euiFlexGroup--gutterSmall euiFlexGroup--directionColumn"
        >
          <div
            class="euiFlexItem"
          >
            <div
              class="euiFlexGroup euiFlexGroup--gutterLarge euiFlexGroup--alignItemsCenter euiFlexGroup--directionRow euiFlexGroup--wrap"
            >
              <div
                class="euiFlexItem"
              >
                <div
                  class="euiFlexGroup euiFlexGroup--gutterLarge euiFlexGroup--alignItemsCenter euiFlexGroup--directionRow euiFlexGroup--wrap"
                >
                  <div
                    class="euiFlexItem euiFlexItem--flexGrowZero wz-flex-basis-auto"
                  >
                    <h1
                      class="euiTitle euiTitle--small"
                      data-test-subj="table-wz-api-title"
                    >
                      Groups 
                      <span>
                        (0)
                      </span>
                    </h1>
                  </div>
                </div>
              </div>
              <div
                class="euiFlexItem euiFlexItem--flexGrowZero"
              >
                <div
                  class="euiFlexGroup euiFlexGroup--gutterLarge euiFlexGroup--alignItemsCenter euiFlexGroup--directionRow euiFlexGroup--wrap"
                />
              </div>
            </div>
          </div>
          <div
            class="euiFlexItem"
          >
            <div>
              <div
                class="euiSuggestInput"
              >
                <div
                  class="euiPopover euiPopover--anchorDownLeft euiPopover--displayBlock euiInputPopover euiInputPopover--fullWidth"
                  id="popover"
                >
                  <div
                    class="euiPopover__anchor"
                  >
                    <div>
                      <div
                        class="euiFormControlLayout euiFormControlLayout--fullWidth euiFormControlLayout--group"
                      >
                        <div
                          class="euiFormControlLayout__childrenWrapper"
                        >
                          <input
                            class="euiFieldText euiFieldText--fullWidth euiFieldText--inGroup"
                            placeholder="Search"
                            type="text"
                            value=""
                          />
                        </div>
                        <div
                          class="euiPopover euiPopover--anchorDownCenter euiFormControlLayout__append"
                        >
                          <div
                            class="euiPopover__anchor"
                          >
                            <button
                              class="euiButtonEmpty euiButtonEmpty--primary"
                              type="button"
                            >
                              <span
                                class="euiButtonContent euiButtonEmpty__content"
                              >
                                <span
                                  class="euiButtonEmpty__text"
                                >
                                  WQL
                                </span>
                              </span>
                            </button>
                          </div>
                        </div>
                      </div>
                    </div>
                  </div>
                </div>
              </div>
            </div>
            <div
              class="euiSpacer euiSpacer--s"
            />
            <div
              class="euiBasicTable"
              data-test-subj="table-with-search-bar"
            >
              <div>
                <div
                  class="euiTableHeaderMobile"
                >
                  <div
                    class="euiFlexGroup euiFlexGroup--gutterLarge euiFlexGroup--alignItemsBaseline euiFlexGroup--justifyContentSpaceBetween euiFlexGroup--directionRow"
                  >
                    <div
                      class="euiFlexItem euiFlexItem--flexGrowZero"
                    />
                    <div
                      class="euiFlexItem euiFlexItem--flexGrowZero"
                    >
                      <div
                        class="euiTableSortMobile"
                      >
                        <div
                          class="euiPopover euiPopover--anchorDownRight"
                        >
                          <div
                            class="euiPopover__anchor"
                          >
                            <button
                              class="euiButtonEmpty euiButtonEmpty--primary euiButtonEmpty--xSmall euiButtonEmpty--flushRight"
                              type="button"
                            >
                              <span
                                class="euiButtonContent euiButtonContent--iconRight euiButtonEmpty__content"
                              >
                                <span
                                  class="euiButtonContent__icon"
                                  color="inherit"
                                  data-euiicon-type="arrowDown"
                                />
                                <span
                                  class="euiButtonEmpty__text"
                                >
                                  Sorting
                                </span>
                              </span>
                            </button>
                          </div>
                        </div>
                      </div>
                    </div>
                  </div>
                </div>
                <table
                  class="euiTable euiTable--responsive"
                  id="htmlId"
                  tabindex="-1"
                >
                  <caption
                    class="euiScreenReaderOnly euiTableCaption"
                  />
                  <thead>
                    <tr>
                      <th
                        class="euiTableHeaderCell"
                        data-test-subj="tableHeaderCell_external_id_0"
                        role="columnheader"
                        scope="col"
                        style="width:12%"
                      >
                        <span
                          class="euiTableCellContent"
                        >
                          <span
                            class="euiTableCellContent__text"
                          >
                            ID
                          </span>
                        </span>
                      </th>
                      <th
                        aria-live="polite"
                        aria-sort="ascending"
                        class="euiTableHeaderCell"
                        data-test-subj="tableHeaderCell_name_1"
                        role="columnheader"
                        scope="col"
                        style="width:30%"
                      >
                        <button
                          class="euiTableHeaderButton euiTableHeaderButton-isSorted"
                          data-test-subj="tableHeaderSortButton"
                          type="button"
                        >
                          <span
                            class="euiTableCellContent"
                          >
                            <span
                              class="euiTableCellContent__text"
                            >
                              Name
                            </span>
                            <span
                              class="euiTableSortIcon"
                              data-euiicon-type="sortUp"
                            />
                          </span>
                        </button>
                      </th>
                      <th
                        aria-live="polite"
                        aria-sort="none"
                        class="euiTableHeaderCell"
                        data-test-subj="tableHeaderCell_description_2"
                        role="columnheader"
                        scope="col"
                      >
                        <button
                          class="euiTableHeaderButton"
                          data-test-subj="tableHeaderSortButton"
                          type="button"
                        >
                          <span
                            class="euiTableCellContent"
                          >
                            <span
                              class="euiTableCellContent__text"
                            >
                              Description
                            </span>
                          </span>
                        </button>
                      </th>
                    </tr>
                  </thead>
                  <tbody>
                    <tr
                      class="euiTableRow"
                    >
                      <td
                        class="euiTableRowCell euiTableRowCell--isMobileFullWidth"
                        colspan="3"
                      >
                        <div
                          class="euiTableCellContent euiTableCellContent--alignCenter"
                        >
                          <span
                            class="euiTableCellContent__text"
                          >
                            No items found
                          </span>
                        </div>
                      </td>
                    </tr>
                  </tbody>
                </table>
              </div>
            </div>
          </div>
        </div>
      </div>
    </div>
  </div>
</div>
`;
