// Jest Snapshot v1, https://goo.gl/fbAQLP

exports[`RegisterAgentButtonGroup should render correctly 1`] = `
Object {
  "asFragment": [Function],
  "baseElement": <body>
    <div>
      <fieldset
        class="euiButtonGroup__fieldset"
      >
        <legend
          class="euiScreenReaderOnly"
        >
          Test legend
        </legend>
        <div
          class="euiButtonGroup euiButtonGroup--s wz-flex"
        >
          <div
            class="euiToggle euiButtonToggle__wrapper euiButtonGroup__toggle"
          >
            <input
              aria-label="test"
              class="euiToggle__input euiButtonToggle__input"
              title="test"
              type="radio"
              value=""
            />
            <button
              class="euiButton euiButton--primary euiButton--small euiButtonToggle euiButtonGroup__button"
              id="test"
              tabindex="-1"
              type="button"
            >
              <span
                class="euiButtonContent euiButton__content"
              >
                <span
                  class="euiButton__text"
                >
                  test
                </span>
              </span>
            </button>
          </div>
        </div>
      </fieldset>
    </div>
  </body>,
  "container": <div>
    <fieldset
      class="euiButtonGroup__fieldset"
    >
      <legend
        class="euiScreenReaderOnly"
      >
        Test legend
      </legend>
      <div
        class="euiButtonGroup euiButtonGroup--s wz-flex"
      >
        <div
          class="euiToggle euiButtonToggle__wrapper euiButtonGroup__toggle"
        >
          <input
            aria-label="test"
            class="euiToggle__input euiButtonToggle__input"
            title="test"
            type="radio"
            value=""
          />
          <button
            class="euiButton euiButton--primary euiButton--small euiButtonToggle euiButtonGroup__button"
            id="test"
            tabindex="-1"
            type="button"
          >
            <span
              class="euiButtonContent euiButton__content"
            >
              <span
                class="euiButton__text"
              >
                test
              </span>
            </span>
          </button>
        </div>
      </div>
    </fieldset>
  </div>,
  "debug": [Function],
  "findAllByAltText": [Function],
  "findAllByDisplayValue": [Function],
  "findAllByLabelText": [Function],
  "findAllByPlaceholderText": [Function],
  "findAllByRole": [Function],
  "findAllByTestId": [Function],
  "findAllByText": [Function],
  "findAllByTitle": [Function],
  "findByAltText": [Function],
  "findByDisplayValue": [Function],
  "findByLabelText": [Function],
  "findByPlaceholderText": [Function],
  "findByRole": [Function],
  "findByTestId": [Function],
  "findByText": [Function],
  "findByTitle": [Function],
  "getAllByAltText": [Function],
  "getAllByDisplayValue": [Function],
  "getAllByLabelText": [Function],
  "getAllByPlaceholderText": [Function],
  "getAllByRole": [Function],
  "getAllByTestId": [Function],
  "getAllByText": [Function],
  "getAllByTitle": [Function],
  "getByAltText": [Function],
  "getByDisplayValue": [Function],
  "getByLabelText": [Function],
  "getByPlaceholderText": [Function],
  "getByRole": [Function],
  "getByTestId": [Function],
  "getByText": [Function],
  "getByTitle": [Function],
  "queryAllByAltText": [Function],
  "queryAllByDisplayValue": [Function],
  "queryAllByLabelText": [Function],
  "queryAllByPlaceholderText": [Function],
  "queryAllByRole": [Function],
  "queryAllByTestId": [Function],
  "queryAllByText": [Function],
  "queryAllByTitle": [Function],
  "queryByAltText": [Function],
  "queryByDisplayValue": [Function],
  "queryByLabelText": [Function],
  "queryByPlaceholderText": [Function],
  "queryByRole": [Function],
  "queryByTestId": [Function],
  "queryByText": [Function],
  "queryByTitle": [Function],
  "rerender": [Function],
  "unmount": [Function],
}
`;
